4.5e-05secs.
100
400 713 1414 2168 3352 3910 4411 5245 5943 6619 9072 9489 11034 12413 12969 13536 14770 15563 16283 16874 23559 23844 25025 25227 26667 29672 30540 30640 31130 31553 32135 32855 37006 39430 40212 41155 41224 42498 43189 44754 45571 46143 48461 49227 49264 49627 49792 52547 54436 54487 56201 57507 58429 58962 59776 61483 63497 63597 63913 64829 66562 66848 66945 67254 68738 69125 69823 70060 70348 70791 71224 71968 72005 76929 77202 77238 78201 78323 78385 78596 80359 80771 81491 82005 82183 83694 84490 88335 90193 92400 92764 93948 94677 94757 95927 96893 97153 97399 98392 98507 