1000 0
[(20 de Junio;1),(Animaná;1),(Costa del Este;1),(El Jagüel;1),(El Quebracho;1),(Ezeiza;1),(Gálvez;1),(Herradura;1),(Las Gramillas;1),(Leguizamón;1),(Libertad;1),(Lomas de Zamora;1),(Los Charruas;1),(Mercedes;1),(Mojones N.;1),(Palmar Grande;1),(Peñas Blancas;1),(Tinogasta;1),(Balvanera;2),(Distrito Sauce;2),(Dolores;2),(Gral. Baldissera;2),(Gran Guardia;2),(Hughes;2),(La Plata;2),(La Puerta;2),(La Tablada;2),(Los Chañaritos (C.E);2),(Pueblo Italiano;2),(Pueblo Uranga;2),(Ruiz de Montoya;2),(San Mariano;2),(Trevelin;2),(Villa San José;2),(Aurelia;3),(Berón de Astrada;3),(Caimancito;3),(Charbonier;3),(Chinchinales;3),(Devoto;3),(El Redomón;3),(Estanislao Del Campo;3),(Gral. Belgrano;3),(Gral. Paz;3),(Ing. Sourdeaux;3),(Las Grutas;3),(Las Rosas;3),(Las Vertientes;3),(Los Bulacio;3),(Luján;3),(Malbrán;3),(Paso del Durazno;3),(San Gerónimo;3),(Santa Victoria O.;3),(Sauce Arriba;3),(Villa La Florida;3),(Villa Sarmiento (G.R);3),(25 de Mayo;4),(Agronomía;4),(Aldea Spatzenkutter;4),(Azara;4),(Bajada del Agrio;4),(Cachi;4),(Cerro Corá;4),(Col. Sta. Rosa;4),(Federal;4),(Florencia;4),(Inriville;4),(José Ingenieros;4),(Luis Guillón;4),(Mte. Cristo;4),(Paso de La Laguna;4),(Piquillín;4),(Pto. Deseado;4),(Reducción;4),(Rumi Punco;4),(Saladas;4),(San Jerónimo;4),(Taco Ralo;4),(Theobald;4),(Tomas M. de Anchorena;4),(Villa Amancay;4),(Capitán Bermúdez;5),(Carlos Casares;5),(Cnel. Bogado;5),(Col. La Argentina;5),(Coronel Baigorria;5),(Crucecitas 8ª;5),(Eduardo Castex;5),(El Colorado;5),(Gutenberg;5),(Huanqueros;5),(Huillapima;5),(La Cruz;5),(Landeta;5),(Libertador San Martín;5),(Media Naranja;5),(Pincén;5),(Pozo del Molle;5),(Santa María;5),(Sarmiento;5),(Ushuaia;5),(Villa La Punta;5),(Cayastacito;6),(Caá Yari;6),(Col. Raquel;6),(Don Cristóbal 2ª Sección;6),(Enrique Carbo;6),(Estancia Yuquerí;6),(Ezpeleta;6),(Famaillá;6),(Gdor. Martínez;6),(Gral. Alvear;6),(Icaño;6),(La Batea;6),(La Paz;6),(La Toma;6),(López;6),(Martínez;6),(Matilde;6),(Mercedes;6),(Misión N. Pompeya;6),(Prahuaniyeu;6),(Quimilí;6),(Río Colorado;6),(San Clemente;6),(San Fco. de Santa Fé;6),(San Javier;6),(San José;6),(San Martín de Los Andes;6),(Tecka;6),(Versalles;6),(Assunta;7),(Azul;7),(Bigand;7),(Castelli;7),(Cerrito;7),(Choromoro;7),(Col. Rosa;7),(Cruz Alta;7),(Dina Huapi;7),(Don Cristóbal 1ª Sección;7),(Gral. Rodríguez;7),(Hugentobler;7),(Lazzarino;7),(Los Frentones;7),(Ma. Luisa;7),(Manzano Amargo;7),(Santo Pipo;7),(Tío Pujio;7),(Villa Berthet;7),(Villa Pque. Santa Ana;7),(Alto de Los Quebrachos;8),(Berisso;8),(Capital;8),(Carreras;8),(Curuzú-Cuatiá;8),(Embarcación;8),(Fernández;8),(Hocker;8),(La Penca;8),(Laguna Larga;8),(Los Catutos;8),(M. García Fernández;8),(Paso Viejo;8),(Rincón de Nogoyá;8),(Rosario de Río Grande;8),(Río Cuarto;8),(Río Grande;8),(San Andrés;8),(San Francisco;8),(Santo Tomé;8),(Valle Viejo;8),(Villa Llanquín;8),(Yaminué;8),(Antofagasta;9),(Cacique Ariacaiquin;9),(Chacras de Coria;9),(Chuña Huasi;9),(Col. Ana;9),(Corral de Bustos;9),(El Tío;9),(Febre;9),(Gral. Belgrano;9),(Gral. J.F. Quiroga;9),(Italó;9),(La Punilla;9),(Limay Mahuida;9),(Nahuel Niyeu;9),(Plaza Clucellas;9),(San Marcos Sud;9),(Sinsacate;9),(Temperley;9),(Tilisarao;9),(Urdinarrain;9),(Villa Centenario;9),(Villa Mirasol;9),(Villa de Pocho;9),(Betbeder;10),(Calchin;10),(Chazón;10),(Cipolletti;10),(Col. Santa María;10),(Costa San Antonio;10),(Curtiembre;10),(El Quebrachal;10),(Estacion Clucellas;10),(Gral. Capdevila;10),(Gral. Mosconi;10),(Las Junturas;10),(Las Talas;10),(Partido de la Costa;10),(Pto. Piray;10),(Rivadavia Banda Sur;10),(Santos Lugares;10),(Tintina;10),(Tres Lomas;10),(Villa El Chocón;10),(Villa Pueyrredón;10),(Bustinza;11),(Capital;11),(Capital;11),(Costa Uruguay N.;11),(Esmeralda;11),(Fidela;11),(Gral. Lucio V. Mansilla;11),(Gral. Pueyrredón;11),(Independencia;11),(Juncal;11),(Lanteri;11),(Las Vertientes;11),(Londres;11),(Lugones;11),(Nueve de Julio;11),(Perito Moreno;11),(Pueblo Brugo;11),(Sacanta;11),(Sanagasta;11),(Santo Tomás;11),(Sumampa;11),(Tomas Young;11),(Villa María;11),(Villa Mercedes;11),(Villa Real;11),(Bariloche;12),(Col. Prosperidad;12),(Col. Sta Rosa;12),(El Rabón;12),(Emilia;12),(Idiazabal;12),(Las Heras;12),(Nelson;12),(Paso Duarte;12),(San Roque;12),(Siete Palmas;12),(Silvio Pellico;12),(Venado Tuerto;12),(Villa de Mayo;12),(Villa del Totoral;12),(Wilde;12),(Aldea Sta. María;13),(Bombal;13),(Cabalango;13),(Chacarita;13),(Col. Benítez;13),(Col. Iturraspe;13),(Coranzulli;13),(La Clarita;13),(Las Albahacas;13),(Monserrat;13),(Pigüé;13),(Polvorines;13),(Pontevedra;13),(San Justo;13),(San Martín;13),(San Pedro;13),(Sauzal Bonito;13),(Sir Leonard;13),(Ubajay;13),(Villaguay;13),(Chamical;14),(Col. Almada;14),(Conhelo;14),(Cruz de Caña;14),(El Pingo;14),(Estancia Solá;14),(Gdor. Roca;14),(Gral. Campos;14),(Hernando;14),(Josefina;14),(La Camila;14),(La Para;14),(Las Isletillas;14),(Las Saladas;14),(Los Cóndores;14),(Pinto;14),(Portugalete;14),(Pueblo Cazes;14),(Quehue;14),(Rincón de Los Sauces;14),(Speluzzi;14),(Tapso;14),(Villa Larca;14),(Villa R. Bermejito;14),(11 de Septiembre;15),(Adolfo Van Praet;15),(Arroyo Maturrango;15),(Arteaga;15),(Buta Ranquil;15),(Coronel Moldes;15),(Cutral Có;15),(Del Campillo;15),(Estancia Vieja;15),(Falda del Carmen;15),(Flores;15),(Humboldt;15),(Lafinur;15),(Laguna Naick Neck;15),(Laguna Yema;15),(Luján;15),(Molinos;15),(Porteña;15),(Río Primero;15),(Santurce;15),(Villa Saralegui;15),(Ayacucho;16),(Cañada del Ucle;16),(Chelforo;16),(Col. Cerrito;16),(Col. Waltelina;16),(El Chaltén;16),(El Gramillal;16),(El Manzano;16),(Embalse;16),(Gdor. Mansilla;16),(Las Heras;16),(Lucas González;16),(Pereyra;16),(Rincón del Doll;16),(San Cipriano;16),(San Gustavo;16),(Sierra Colorada;16),(Turdera;16),(Villa Ocampo;16),(Aguada de Guerra;17),(Alpachiri;17),(Bernal Este;17),(Buen Pasto;17),(Candelaria;17),(Carlos Pellegrini;17),(Chascomús;17),(Estancia Grande;17),(Famatina;17),(Gancedo;17),(Gdor. Piedrabuena;17),(Gral. A.V.Peñaloza;17),(Graneros;17),(James Craik;17),(Mar de las Pampas;17),(Nogolí;17),(Pampa del Indio;17),(Quetrequén;17),(San Vicente;17),(Villa Ascasubi;17),(Villa Benjamín Araoz;17),(Villa Lugano;17),(Yerba Buena;17),(7;18),(Alto Pelado;18),(Capilla del Señor;18),(Darwin;18),(El Puestito;18),(Ituzaingó;18),(La Gallareta;18),(Laguna Blanca;18),(Las Rabonas;18),(Lobos;18),(Mar del Plata;18),(Mojón Grande;18),(Riacho He-He;18),(Río Cuarto;18),(Saladillo;18),(Serrano;18),(Soledad;18),(Tres Capones;18),(Villa Candelaria N.;18),(Villa Domínico;18),(Villa Ortúzar;18),(Villa del Parque;18),(4;19),(Aristóbulo Del Valle;19),(Arocena;19),(Caballito;19),(Calilegua;19),(Campo Grande;19),(Concepción;19),(El Piquete;19),(La Clotilde;19),(Piamonte;19),(Potrero de Garay;19),(Sauce Sur;19),(Sauce Viejo;19),(Villa Quinteros;19),(Alberti;20),(Ancajuli;20),(Carrilobo;20),(Chavarría;20),(Chimpay;20),(Col. Viraró;20),(Cululú;20),(Distrito 6º;20),(Estancia Racedo;20),(H. Yrigoyen;20),(Ibarreta;20),(La Trinidad;20),(Las Palmas;20),(Loreto;20),(Los Helechos;20),(Los Molles;20),(Los Quiroga;20),(Parera;20),(Pozo Nuevo;20),(Puán;20),(San Antonio de Arredondo;20),(San Jorge;20),(San Miguel de 25;20),(Sol de Julio;20),(Tacuarendí;20),(Valle de Anisacate;20),(Christophersen;21),(Colegiales;21),(El Mojón;21),(Estancia de Guadalupe;21),(Godoy Cruz;21),(Gral. Pinto;21),(Guañacos;21),(Luca;21),(Montoya;21),(Tolar Grande;21),(Berabevú;22),(Capital;22),(Dorrego;22),(Elortondo;22),(Fortín Olmos;22),(Guaraní;22),(La Cumbre;22),(Lavalle;22),(Lucila del Mar;22),(Pergamino;22),(Pto. 21;22),(Pueblo Libertador;22),(Remedios de Escalada;22),(Río Piedras;22),(San Francisco;22),(Trujui;22),(Vaqueros;22),(Yacaré;22),(Área Reserva Cinturón Ecológico;22),(Alejandra;23),(Buena Esperanza;23),(Cañada de Luque;23),(Cnel. Dominguez;23),(Col. Aurora;23),(Col. Elia;23),(Col. Elisa;23),(Cuchillo-Có;23),(Cushamen;23),(El Manso;23),(Enrique Urien;23),(Garupá;23),(Gral. Ocampo;23),(Gregoria Perez De Denis;23),(Pablo Podestá;23),(Paso del Rey;23),(Pto. Bermejo;23),(Rosario de La Frontera;23),(Río Mayo;23),(San Genaro N.;23),(San Isidro;23),(Santa Lucía;23),(Villa de La Quebrada;23),(Caseros;24),(Concepción del Uruguay;24),(Don Torcuato;24),(El Aguilar;24),(El Trébol;24),(Elisa;24),(Faustino M. Parera;24),(Huerta Grande;24),(Ibarlucea;24),(La Palestina;24),(La Playosa;24),(La Viña;24),(Paso Flores;24),(Rincón;24),(Roca;24),(San Pedro;24),(Sta. Teresa;24),(Totoras;24),(Veinticinco de Mayo;24),(Villa Cerro Azul;24),(Villa San Isidro;24),(Virginia;24),(Aldea San Miguel;25),(Almagro;25),(Angeloni;25),(Bernardo Larroude;25),(Campo Largo;25),(Churruca;25),(Ciudacita;25),(Col. Mascias;25),(Distrito Diego López;25),(Don Bosco;25),(Gral. Acha;25),(Lago Puelo;25),(Laguna Limpia;25),(Lonquimay;25),(Los Antiguos;25),(Los Zorros;25),(Melincué;25),(Rinconada;25),(Rodeitos;25),(San Blas de Los Sauces;25),(Termas de Rio Hondo;25),(Aldea Apeleg;26),(Anisacate;26),(Calamuchita;26),(Camilo Aldao;26),(Capilla del Carmen;26),(Capitán Cáceres;26),(Col. San Pedro;26),(El Carril;26),(Fraga;26),(Los Conquistadores;26),(Los Polvorines;26),(Mina Pirquitas;26),(Pico Truncado;26),(Rincón del Gato;26),(Rolón;26),(Weisburd;26),(Yerba Buena (S);26),(Alto Pencoso;27),(Anguil;27),(Bolívar;27),(Caseros;27),(Caá Cati;27),(Cnel. Arnold;27),(El Naranjito;27),(Gral. Pico;27),(Hinojal;27),(Justo Daract;27),(La Reja;27),(Las Chacras;27),(Necochea;27),(Piñeiro;27),(Pueblo Esther;27),(Pueblo Gral. San Martín;27),(Rada Tilly;27),(San Telmo;27),(Sauce;27),(Villa Bosch;27),(Villa Ángela;27),(Ñancay;27),(Abralaite;28),(Aldea San Antonio (P);28),(Alejo Ledesma;28),(Bulnes;28),(Candelaria;28),(Caviahué;28),(Ciudadela;28),(Garruchos;28),(Humberto 1º;28),(Ing. Juárez;28),(La Maruja;28),(Los Pérez;28),(Mocoretá;28),(Octavio Pico;28),(Rafaela;28),(San José;28),(Villa La Bolsa;28),(Villa Vil;28),(9;29),(Arata;29),(Bragado;29),(Chipauquil;29),(Gramilla;29),(J.J. Castelli;29),(Leandro N. Alem;29),(Llavallol;29),(Macachín;29),(Mar de Ajó;29),(Pto. Rico;29),(San José;29),(Santa Sylvina;29),(Sta. Rosa;29),(Aldea Elgenfeld;30),(Batavia;30),(Capital;30),(Cerro Azul;30),(Chacabuco;30),(Cnel. Du Graty;30),(Col. Cavour;30),(El Fuerte;30),(J. de San Martín;30),(Las Palmeras;30),(Paclín;30),(Perú;30),(Pueblo Marini;30),(Quebracho Herrado;30),(Quitilipi;30),(Salsacate;30),(San Cristóbal;30),(Sgo. Temple;30),(Sta. Lucía;30),(Tafí del Valle;30),(Ullum;30),(Villa Cañas;30),(Yánima;30),(Aguada Cecilio;31),(Col. Merou;31),(José Marmol;31),(La Granja;31),(Lamarque;31),(Loberia;31),(Luyaba;31),(Nogoyá;31),(Pampayasta S.;31),(Pocito;31),(Pto. Ibicuy;31),(Punta Indio;31),(Realicó;31),(Reconquista;31),(San Cayetano;31),(San Martín;31),(Talita;31),(Villa Valeria;31),(Ana Zumaran;32),(Cintra;32),(Col. Celina;32),(Daireaux;32),(Distrito Chañar;32),(Felicia;32),(Guaviravi;32),(Jubileo;32),(Las Breñas;32),(Las Mulitas;32),(Luján;32),(Malagueño;32),(Medellín;32),(Montes de Oca;32),(Murphy;32),(Navarro;32),(Paso Grande;32),(San Martín;32),(Ticino;32),(Alarcón;33),(Arrayanal;33),(Arroyo Seco;33),(Barrios;33),(Berazategui;33),(Brandsen;33),(Capital;33),(Carapachay;33),(Chorotis;33),(Concarán;33),(F. Ameghino;33),(Firmat;33),(Godoy;33),(Las Palmas;33),(Los Chihuidos;33),(Sagrada Familia;33),(San Hilario;33),(San Pedro;33),(Santa Rosa;33),(Tapso;33),(Tornquist;33),(Villa Guillermina;33),(Abdon Castro Tolay;34),(Ensenada;34),(Estación Escriña;34),(Gral. Ramírez;34),(Lamadrid;34),(Las Parejas;34),(Loma Hermosa;34),(Lomas de Vallejos;34),(Loreto;34),(Nuevo Torino;34),(Ojos de Agua;34),(Ombú;34),(Pichi Mahuida;34),(Quilmes;34),(Resistencia;34),(San Agustín;34),(San Marcial;34),(Telsen;34),(Villa Rossi;34),(A. Alsina;35),(Ancasti;35),(El Alto;35),(El Polear;35),(Glew;35),(Hipatía;35),(Ituzaingó;35),(J. V. Gonzalez;35),(La Playa;35),(Ma. Juana;35),(Marcelino Escalada;35),(Monte Redondo;35),(Villa Eloísa;35),(Villa de María;35),(Aconquija;36),(Aguas Verdes;36),(Chajarí;36),(Chivilcoy;36),(Col. Margarita;36),(El Calafate;36),(Esperanza;36),(Gllen;36),(INSERT INTO `localidades` (`id`, `id_privincia`, `localidad`) VALUES;36),(La Carlota;36),(Lapachito;36),(Las Cañadas;36),(Panaholma;36),(Tabay;36),(Villa Sarmiento (S.A);36),(Villa del Carmen;36),(Aguas Calientes;37),(Bernardo de Irigoyen;37),(Capitán Solari;37),(Col. Avellaneda;37),(Col. Belgrano;37),(Col. Victoria;37),(El Naranjo;37),(Etruria;37),(Frías;37),(Laguna Paiva;37),(Los Altares;37),(Los Quirquinchos;37),(Mercedes;37),(Mtro. Ramos Mexia;37),(Panambí;37),(Rayo Cortado;37),(Retiro;37),(Vertiz;37),(Ataliva;38),(Colón;38),(Escobar;38),(Estación Gral. Paz;38),(Florida;38),(Hersilia;38),(Maggiolo;38),(Maipú;38),(Miguel Riglos;38),(Morteros;38),(Pdcia. Roque Sáenz Peña;38),(Pte. Roca;38),(Raco;38),(Río Colorado;38),(San Víctor;38),(Seguí;38),(Tortugas;38),(Villa Gral. Belgrano;38),(Villa Los Patos;38),(Villa Pque. Siquiman;38),(Villa Udaondo;38),(Aldea Grapschental;39),(Beltrán;39),(Chalacea;39),(Coyuco Cochico;39),(El Arañado;39),(El Bobadal;39),(Gral. Pinero;39),(Gral. Roca;39),(Guadalupe N.;39),(Hipólito Yrigoyen;39),(Ing. Forres;39),(Isla De Cañas;39),(J. B. Alberdi;39),(Los Reartes;39),(Plaza Luxardo;39),(San Felipe;39),(San Martín de Las Escobas;39),(San Pedro;39),(Santa Elena;39),(Tinoco;39),(Villa Gral. Güemes;39),(Ycho Cruz Sierras;39),(Zanjitas;39),(Cañada de Machado;40),(Cerrillos;40),(Cholila;40),(González Catán;40),(Guardia Escolta;40),(La Providencia;40),(La Reforma;40),(Libertador Gral. San Martin;40),(Punta del Agua;40),(San Antonio de Padua;40),(San Martín N.;40),(Villa Atamisqui;40),(Walter Moss;40),(Aldea San Antonio (G);41),(Bandera;41),(Clemente Onelli;41),(Coronel Rosales;41),(Cuchilla Redonda;41),(Funes;41),(Jesús María;41),(Las Calles;41),(Lincoln;41),(Los Cerrillos;41),(Mendiolaza;41),(Mi Granja;41),(Peyrano;41),(Pte. Perón;41),(Punta del Monte;41),(Santa Ana;41),(Santa Lucía;41),(Tartagal;41),(Villa Luro;41),(Yaví;41),(Alcaraz S.;42),(Arguello;42),(Atahona;42),(Bonpland;42),(Carmen de Areco;42),(Carolina;42),(Col. C. Pellegrini;42),(Distrito Talitas;42),(Dorila;42),(El Charco;42),(Estación Aráoz;42),(Facundo;42),(La Candelaria;42),(Maipú;42),(Pasco;42),(Varvarco;42),(Villada;42),(Winifreda;42),(Alderetes;43),(Avellaneda;43),(Basail;43),(Capayán;43),(Chacharramendi;43),(Cinco Saltos;43),(Classon;43),(Crucecitas 3ª;43),(El Dorado;43),(Estancia Líbaros;43),(Guaminí;43),(La Cocha;43),(La Higuera;43),(La Serranita;43),(Mburucuyá;43),(Monte Bello;43),(Paso de Las Piedras;43),(Quilmes;43),(San Antonio de Areco;43),(Simbolar;43),(Susques;43),(Tolhuin;43),(Tunuyán;43),(19;44),(Arroyo Corralito;44),(Avellaneda;44),(Bauer Y Sigel;44),(Bella Italia;44),(Chancaní;44),(Charadai;44),(Colombres;44),(Comicó;44),(Cruz del Eje;44),(El Cholar;44),(Ledesma;44),(Los Nogales;44),(Ramona;44),(Río Chico;44),(Sierra Grande;44),(Villa Sarmiento;44),(Villa Tulumba;44),(Altamirano Sur;45),(Ataliva Roca;45),(Bovril;45),(Catriel;45),(Col. Ayuí;45),(Correa;45),(El Chacho;45),(El Cimarrón;45),(Herlitzka;45),(La Escondida;45),(La Laguna;45),(Llambi Campbell;45),(Monte Chingolo;45),(Padre Monti;45),(Rawson;45),(Rufino;45),(Villa Dolores;45),(Villa Elisa;45),(Villa Riachuelo;45),(Villa del Rosario;45),(Aldea 19;46),(Aldea Sta. Rosa;46),(Aluminé;46),(Caleufú;46),(Costa Chica;46),(Del Viso;46),(Eusebia;46),(Gral. Enrique Godoy;46),(Gral. Lavalle;46),(Junín;46),(Leones;46),(Ma. Teresa;46),(Pilar;46),(Pto. San Julián;46),(San Javier;46),(Tala Huasi;46),(Ucacha;46),(Villa Gdor. Etchevehere;46),(Yuto;46),(Aldea Beleiro;47),(Alto Río Sengerr;47),(Barranqueras;47),(Cerro Policía;47),(Col. Vicente Aguero;47),(El Fortín;47),(Estación Atamisqui;47),(Mauá;47),(Monte Grande;47),(Palpalá;47),(Pdcia. de La Plaza;47),(Pueblo Andino;47),(Pueblo Gral. Belgrano;47),(Río Seco;47),(San Jerónimo del Sauce;47),(San Justo;47),(Sta. Teresa;47),(Tezanos Pinto;47),(Villa Huidobro;47),(Almafuerte;48),(Aranguren;48),(Basavilbaso;48),(Camarones;48),(El Huecú;48),(Gral. Conesa;48),(Gualeguaycito;48),(Haedo;48),(La Mendieta;48),(Larrechea;48),(Las Bandurrias;48),(Los Hornillos;48),(Los Molinos;48),(Lucas S. 2ª;48),(Mencué;48),(Rivadavia;48),(San Eduardo;48),(Sosa;48),(Villa Carlos Paz;48),(Villa Fontana;48),(Villarino;48),(Aldo Bonzi;49),(Allén;49),(Alta Gracia;49),(Barrio Parque;49),(Diaz;49),(Distrito Chiqueros;49),(El Cercado;49),(El Sacrificio;49),(La Tordilla;49),(Los Ceibos;49),(Luján De Cuyo;49),(Pto. Pirámides;49),(Rivadavia Banda Norte;49),(Roldán;49),(San Francisco Solano;49),(San Ignacio;49),(Tafí Viejo;49),(Bdo. De Irigoyen;50),(Carapachay;50),(Colan Conhué;50),(Comechingones;50),(Concepción;50),(Costa Uruguay S.;50),(Fortuna;50),(Gral. Alvear;50),(Iruyá;50),(José C. Paz;50),(La Hierra;50),(Las Tapias;50),(Mamuel Choique;50),(Manfredi;50),(Pedernal;50),(Pilar;50),(Piñero;50),(Plottier;50),(Poman;50),(Puerto Madero;50),(Quebracho;50),(Rafael Castillo;50),(Sarandí;50),(Villa Ballester;50)]
