2000 0
[(Aguilares;1),(Aldea Sta. María;1),(Bialet Masse;1),(Bouwer;1),(Caleufú;1),(Casa Grande;1),(Casalegno;1),(Caspala;1),(Clodomira;1),(Col. Celina;1),(Col. Cerrito;1),(Colegiales;1),(El Alto;1),(Funes;1),(Gral. Acha;1),(Gral. Pacheco;1),(Gran Guardia;1),(Guatimozin;1),(Ing. Jacobacci;1),(La Reforma;1),(Los Altos;1),(Monte Bello;1),(Perito Moreno;1),(Río Gallegos;1),(San Blas de Los Sauces;1),(San Ignacio;1),(San Vicente;1),(Silva;1),(Sta. Cruz;1),(Tala Cañada;1),(Telsen;1),(Villa Ciudad Pque Los Reartes;1),(Villa La Florida;1),(Villa Minetti;1),(Villa Soldati;1),(Villa del Dique;1),(Aldea Beleiro;2),(Arauco;2),(Arrufó;2),(Brea Pozo;2),(Calmayo;2),(Col. La Argentina;2),(Ensenada;2),(Estación Raíces;2),(Gerli;2),(Gral. Güemes;2),(Gral. J.F. Quiroga;2),(Gregorio de Laferrere;2),(Guaymallén;2),(La Palestina;2),(La Tigra;2),(Laguna Naick Neck;2),(Laurencena;2),(Libertad;2),(Lomas del Mirador;2),(Picún Leufú;2),(Pilo Lil;2),(Plottier;2),(Pto. San Julián;2),(Rivadavia;2),(Rueda;2),(Río Ceballos;2),(Río Cuarto;2),(San Gerónimo;2),(Sanagasta;2),(Santa Ana;2),(Santo Tomé;2),(Ticino;2),(Tumbaya;2),(Villa Ballester;2),(Villa Mercedes;2),(Villa Urquiza;2),(Villarino;2),(Vélez Sarfield;2),(Achiras;3),(Adrogué;3),(Ambul;3),(Calchin Oeste;3),(Camarones;3),(Capitán Cáceres;3),(Chilca Juliana;3),(Cieneguillas;3),(Col. Carrasco;3),(Conhelo;3),(El Gramillal;3),(Esquina;3),(Etruria;3),(Ing. Maschwitz;3),(Ituzaingó;3),(J.J. Castelli;3),(Jaramillo;3),(Los Charruas;3),(Los Hoyos;3),(Malvinas Argentinas;3),(Marcelino Escalada;3),(María Grande;3),(Oliveros;3),(Pdcia. Roca;3),(Puesto de Castro;3),(Ramallo;3),(Roldán;3),(Rosario de Río Grande;3),(San Antonio;3),(San Gregorio;3),(San Vicente;3),(Santiago De Liniers;3),(Santo Tomé;3),(Serodino;3),(Taboada;3),(Villa Ana;3),(Villa Tulumba;3),(Vélez Sársfield;3),(4;4),(Barrio Parque;4),(Canals;4),(Capital;4),(Cavanagh;4),(Chuña;4),(Col. Ensayo;4),(Col. Santa María;4),(Concepción;4),(Coronel Pringles;4),(Crespo;4),(Cuchillo-Có;4),(Cutral Có;4),(Don Bosco;4),(Faustino M. Parera;4),(Florencia;4),(Gdor. Echagüe;4),(Gessler;4),(Gral. Lucio V. Mansilla;4),(Gral. Mosconi;4),(Guasapampa;4),(Guañacos;4),(Lomas del Millón;4),(Loreto;4),(Los Laureles;4),(Monte Redondo;4),(Nogolí;4),(Pampayasta S.;4),(Parque Chacabuco;4),(Peyrano;4),(Pontevedra;4),(Pujato;4),(Ranqueles;4),(Relmo;4),(Remedios de Escalada;4),(Rinconada;4),(Sagrada Familia;4),(San Cristóbal;4),(San Ernesto;4),(Sarah;4),(Sta. Rosa de Río Primero;4),(Sunchales;4),(Tanti;4),(Teniente Berdina;4),(Toba;4),(Villa Ascasubi;4),(Villa Concepción del Tío;4),(William Morris;4),(Zonda;4),(Alto Verde;5),(Arequito;5),(Añatuya;5),(Bandera Bajada;5),(Benito Juárez;5),(Bernardo Larroude;5),(Billinghurst;5),(Carrilobo;5),(Chacharramendi;5),(Chinchinales;5),(Clorinda;5),(Comandante Piedrabuena;5),(Devoto;5),(El Manzano;5),(El Pingo;5),(Fighiera;5),(Gualjaina;5),(Guardia Escolta;5),(Inriville;5),(La Cumbrecita;5),(La Fraternidad;5),(La Rinconada;5),(Las Rosas;5),(Makallé;5),(Mercedes;5),(Navia;5),(Nazareno;5),(Palermo;5),(Pozo Borrado;5),(Primer Distrito Cuchilla;5),(Pueblo Liebig;5),(Roca;5),(San Andrés;5),(Sanford;5),(Santa María;5),(Sargento Cabral;5),(Veinticinco de Mayo;5),(Villa Benjamín Araoz;5),(Villa de Mayo;5),(Villa del Parque;5),(Virginia;5),(Agronomía;6),(Alejo Ledesma;6),(Almafuerte;6),(Aluminé;6),(Basail;6),(Bañado de Soto;6),(Caballito;6),(Col. Alpina;6),(Col. Belgrano;6),(Concepción del Uruguay;6),(Curupayti;6),(Egusquiza;6),(Esperanza;6),(Estación Escriña;6),(Estación Yerúa;6),(Fortuna;6),(Fortín El Patria;6),(Gdor. López;6),(Gral. Roca;6),(Huanchillas;6),(Jacinto Arauz;6),(La Población;6),(Miguel Cané;6),(Miraflores;6),(Pichi-Huinca;6),(Polvorines;6),(Puán;6),(San Agustín;6),(San Javier;6),(San José del Rincón;6),(San Patricio del Chañar;6),(Sta. María;6),(Villa Pehuenia;6),(Villada;6),(Arroyo Cabral;7),(Bonpland;7),(Capital;7),(Cerrillos;7),(Choele Choel;7),(Col. Raquel;7),(Col. Videla;7),(Cosquín;7),(Cushamen;7),(Dina Huapi;7),(Enrique Urien;7),(Estancia Racedo;7),(Gral. Conesa;7),(Hinojal;7),(Hipólito Yrigoyen;7),(Huacalera;7),(Huillapima;7),(Itacaruaré;7),(José Ingenieros;7),(La Carolina;7),(La Chispa;7),(Lago Blanco;7),(Las Aguadas;7),(Las Heras;7),(Las Playas;7),(Las Saladas;7),(Las Vertientes;7),(Los Chañaritos (C.E);7),(Los Miches;7),(Luis Beltrán;7),(Mencué;7),(Moreno;7),(Nueva Escocia;7),(Quemú Quemú;7),(Ramada Paso;7),(Rosales;7),(San Lorenzo;7),(San Marcos Sierras;7),(San Salvador;7),(Santa Sylvina;7),(Sierra Grande;7),(Sinsacate;7),(Trenel;7),(Versalles;7),(Vilelas;7),(Villa Llanquín;7),(Villa Pque. Santa Ana;7),(Yerba Buena (S);7),(Abralaite;8),(Aldea Ma. Luisa;8),(Ana Zumaran;8),(Arroyo Aguiar;8),(Bella Italia;8),(Buchardo;8),(Burruyacú;8),(Capitán Solari;8),(Charata;8),(Charbonier;8),(Concarán;8),(El Cholar;8),(Fortín Olmos;8),(Gdor. Agrónomo;8),(Gral. Gelly;8),(Gral. San Martín;8),(Hipatía;8),(Hipólito Yrigoyen;8),(Idiazabal;8),(Laguna Benítez;8),(Laguna Paiva;8),(Laprida;8),(Las Plumas;8),(Longchamps;8),(Lugones;8),(Mayu Sumaj;8),(Melincué;8),(Naupa Huen;8),(Paso del Rey;8),(Pedro Gómez Cello;8),(Pinto;8),(Pueblo Gral. San Martín;8),(Rincón del Doll;8),(San Francisco;8),(San Miguel de 25;8),(Sumampa;8),(Villa Lugano;8),(Villa Progreso;8),(Villa del Prado;8),(Alcaraz;9),(Alto Pencoso;9),(Arroyo Burgos;9),(Arroyo Los Berros;9),(Bdo. De Irigoyen;9),(Bernal Oeste;9),(Campo Grande;9),(Campo Piaggio;9),(Carlos Tejedor;9),(Castellanos;9),(Ceres;9),(Cnel. Fraga;9),(Col. Bigand;9),(Col. Vignaud;9),(Conlara;9),(El Chaltén;9),(El Potrero;9),(El Sauzalito;9),(Espinillo N.;9),(Garruchos;9),(Gdor. Mansilla;9),(Gllen;9),(Gral. Pinero;9),(La Esperanza;9),(La Serranita;9),(La Verbena;9),(Lanús;9),(Las Albahacas;9),(Las Garzas;9),(Las Lajitas;9),(Leguizamón;9),(Los Ralos;9),(Luis Palacios;9),(Montoya;9),(Palpalá;9),(Pinar del Sol;9),(Raices Oeste;9),(Sarmiento;9),(Selva;9),(Sáenz Peña;9),(Unquillo;9),(Villa La Angostura;9),(Villa La Bolsa;9),(Villa Udaondo;9),(Virrey del Pino;9),(Ñanducita;9),(Abramo;10),(Alcorta;10),(Alto Pelado;10),(Angastaco;10),(Berna;10),(Chovet;10),(Colonias Unidas;10),(Distrito Chañar;10),(Empalme San Carlos;10),(Facundo;10),(Falda del Carmen;10),(Hualfín;10),(J.J De Urquiza;10),(José C. Paz;10),(La Lucila;10),(Las Mulitas;10),(Ministro Rivadavia;10),(Monte Grande;10),(Mte. Maíz;10),(Nogoyá;10),(Olaeta;10),(Pampa de Los Guanacos;10),(Partido de la Costa;10),(Pergamino;10),(Progreso;10),(San José de La Esquina;10),(San Marcos Sud;10),(Santa Catalina;10),(Santa Lucía;10),(Sauzal Bonito;10),(Siete de Abril;10),(Susana;10),(Termas de Rio Hondo;10),(Tinoco;10),(Tortugas;10),(Trenque Lauquen;10),(Veinte de Septiembre;10),(Villa Domínico;10),(Villa Fontana;10),(A. Gonzáles Cháves;11),(Aldea Brasilera;11),(Aldea San Miguel;11),(Allén;11),(Arroyo Del Medio;11),(Ballesteros;11),(Bombal;11),(Candelaria;11),(Capitán Sarmiento;11),(Carmen de Areco;11),(Col. Oficial Nº5;11),(Comallo;11),(Cululú;11),(Diaz;11),(Diego de Rojas;11),(El Brete;11),(El Cóndor;11),(El Tala;11),(Hipólito Yrigoyen;11),(Ituzaingó;11),(La Para;11),(Los Cóndores;11),(Los Menucos;11),(Los Sarmientos;11),(Los Varela;11),(Manzano Amargo;11),(Nicanor E. Molinas;11),(Pronunciamiento;11),(Pueblo Irigoyen;11),(Puerta de Corral;11),(Saladillo;11),(San Agustín;11),(San Cayetano;11),(San Felipe;11),(San Guillermo;11),(San Miguel;11),(Santa Rosa de Conlara;11),(Saujil;11),(Sta. Margarita;11),(Valcheta;11),(Villa España;11),(Winifreda;11),(Zavalla;11),(Agustoni;12),(Albarellos;12),(Arguello;12),(Azara;12),(Cerro Azul;12),(Concepción;12),(El Calafate;12),(El Jagüel;12),(El Sombrerito;12),(Estancia de Guadalupe;12),(Gaimán;12),(Goya;12),(Gral. Madariaga;12),(Jacinto L. Aráuz;12),(Junín;12),(La Mendieta;12),(Las Palmas;12),(Las Parejas;12),(Los Molles;12),(Los Puestos;12),(Los Quirquinchos;12),(Los Telares;12),(Maquinista Gallini;12),(Medellín;12),(Mtro. Ramos Mexia;12),(Paso Aguerre;12),(Pavón Arriba;12),(Quines;12),(San Andrés de Giles;12),(San Clemente;12),(San Pedro;12),(Sierra Pailemán;12),(Tolar Grande;12),(Toro Pujio;12),(Unión;12),(Villa Paranacito;12),(Agua Dulce;13),(Aldo Bonzi;13),(Capioví;13),(Col. Mascias;13),(Concepción;13),(Coronel Moldes;13),(Darregueira;13),(Durazno;13),(El Chacho;13),(El Volcán;13),(Emilia;13),(Ezpeleta;13),(Guadalupe N.;13),(Huasa Pampa;13),(Hugentobler;13),(Isletas;13),(La Criolla;13),(Lagunita Salada;13),(Las Tapias;13),(Mendiolaza;13),(Mutquín;13),(Máximo Paz;13),(Nueva Francia;13),(Palo Negro;13),(Pincén;13),(Quebracho;13),(Río Cuarto;13),(Saavedra;13),(Santa Elena;13),(Sauce Arriba;13),(Tolhuin;13),(Valentín Alsina;13),(Aguada de Guerra;14),(Alicia;14),(Armstrong;14),(Barrancas;14),(Beccar;14),(Capilla del Señor;14),(Carcarañá;14),(Cañuelas;14),(Co. Centinela;14),(Costa Chica;14),(El Caín;14),(Elisa;14),(Estancia Yuquerí;14),(Fernández;14),(Floresta;14),(Gral. Ballivian;14),(Hasenkamp;14),(Hernandarias;14),(Ing. Chanourdie;14),(Laguna Limpia;14),(Lomas de Zamora;14),(Ma. Teresa;14),(Montefiore;14),(Mte. Caseros;14),(Olegario V. Andrade;14),(Pacheco De Melo;14),(Picada Berón;14),(Pueblo Uranga;14),(Rawson;14),(Río Tercero;14),(San Esteban;14),(San Jaime;14),(San José de Feliciano;14),(Santa Elena;14),(Tapso;14),(Villa Pque. Siquiman;14),(12;15),(20 de Junio;15),(Aldea Spatzenkutter;15),(Antofagasta;15),(Aviá Teraí;15),(Caraguatay;15),(Carolina;15),(Col. Aldao;15),(Col. Almada;15),(Costa Uruguay S.;15),(El Galpón;15),(El Libertador;15),(Estanislao Del Campo;15),(Fray Luis Beltrán;15),(Gdor. Crespo;15),(Gral. Urquiza;15),(Humahuaca;15),(Humboldt;15),(Juan B. Molina;15),(La Calera;15),(La Paternal;15),(La Penca;15),(Ledesma;15),(Loncopué;15),(Los Amores;15),(Manfredi;15),(Matilde;15),(Molino Doll;15),(Monserrat;15),(Nicolás Bruzone;15),(Paso de La Laguna;15),(Pte. Roca;15),(Riacho He-He;15),(Río Piedras;15),(San Francisco;15),(San Ramírez;15),(Sauce Pinto;15),(Tartagal;15),(Tilcara;15),(Villa Martelli;15),(Villa Yacanto;15),(Área Reserva Cinturón Ecológico;15),(Altos de Chipion;16),(Antelo;16),(Avellaneda;16),(Ayacucho;16),(Batavia;16),(Belgrano;16),(Chancaní;16),(Col. Dolores;16),(Col. Gral. Roca;16),(Cuchilla Redonda;16),(Distrito Pajonal;16),(Dorila;16),(Eduardo Castex;16),(Escobar;16),(Estancia Grande;16),(Gdor. Costa;16),(La Trinidad;16),(Los Surgentes;16),(Maipú;16),(Morteros;16),(Oncativo;16),(Pampa Mayo;16),(Pampa del Infierno;16),(Saladero M. Cabal;16),(Seeber;16),(Taco Ralo;16),(Tío Pujio;16),(Villa Los Aromos;16),(Villa Mascardi;16),(Villa San José;16),(Villa Urquiza;16),(Volcán;16),(Albardón;17),(Ballesteros Sud;17),(Cayastacito;17),(Cayastá;17),(Cervantes;17),(Cusi-Cusi;17),(Distrito Diego López;17),(El Espinillo;17),(El Manantial;17),(El Sauce;17),(Estación Aráoz;17),(Gdor. Gregores;17),(Gral. Paz;17),(Gral. San Martín;17),(Guaminí;17),(Ing. Forres;17),(J. de San Martín;17),(La Granja;17),(La Ollita;17),(La Puerta;17),(Loreto;17),(Los Helechos;17),(Marcos Juárez;17),(Monte;17),(Nono;17),(Nueva Pompeya;17),(Pueblo Cazes;17),(Pérez;17),(Rawson;17),(Río Bamba;17),(San Pedro de Guasayán;17),(Sir Leonard;17),(Sta. Isabel;17),(Talita;17),(Valle Viejo;17),(Villa Belgrano;17),(Villa Larca;17),(Villa Sarmiento (S.A);17),(Yaví;17),(Yánima;17),(11 de Septiembre;18),(Balnearia;18),(Barrancas;18),(Capital;18),(Cevil Redondo;18),(Chipauquil;18),(Cnel. Du Graty;18),(Col. San Bartolome;18),(Col. Sta Rosa;18),(Corral de Bustos;18),(El Mollar;18),(Esquel;18),(Esther;18),(Fraga;18),(Laprida;18),(Las Guachas;18),(Lonquimay;18),(Los Reartes;18),(Luan Toro;18),(Mayor V. Villafañe;18),(Monterrico;18),(Onagolty;18),(Paso de Agua;18),(Pozo Hondo;18),(Pto. Piray;18),(Punta Indio;18),(Rincón;18),(San Francisco;18),(San Pedro N.;18),(Sarmiento;18),(Tancacha;18),(Tandil;18),(Tosquita;18),(Tristán Suárez;18),(Vaqueros;18),(Villa Celina;18),(Villaguay;18),(Alejandro Roca;19),(Ancajuli;19),(Bagual;19),(Barracas;19),(Buen Pasto;19),(Capilla del Carmen;19),(Conscripto Bernardi;19),(Daireaux;19),(El Fortín;19),(El Redomón;19),(Estación Simbolar;19),(Fontana;19),(Las Avispas;19),(Las Peñas Sud;19),(Leandro N. Alem;19),(Loma Limpia;19),(Los Cardales;19),(Lucas N.;19),(Lules;19),(Luyaba;19),(Maggiolo;19),(Maimara;19),(Maisonnave;19),(Mocoretá;19),(Pablo Podestá;19),(Pto. Rico;19),(Recreo;19),(Saclantás;19),(San Joaquín;19),(San Nicolás;19),(San Ramón;19),(San Vicente;19),(Santa Anita;19),(Santa Catalina;19),(Santa Rosa de Leales;19),(Tutti;19),(Ucacha;19),(Villa de María;19),(Walter Moss;19),(Alcaraz N.;20),(Aldea Asunción;20),(Anguil;20),(Arroyo Barú;20),(Capital;20),(Carnerillo;20),(Carrizales;20),(Col. Benítez;20),(Col. C. Pellegrini;20),(Col. Margarita;20),(Costa San Antonio;20),(Don Orione;20),(Dr. R. Rojas;20),(El Soberbio;20),(Franck;20),(Gral. Enrique Godoy;20),(Icaño;20),(La Paquita;20),(La Rancherita;20),(Lamadrid;20),(Las Arrias;20),(Las Varillas;20),(Londres;20),(Los Chanaritos (R.S);20),(Los Hornillos;20),(Los Pereyra;20),(Luque;20),(Parque Patricios;20),(Pila;20),(Rafael Calzada;20),(Rafaela;20),(Rivadavia;20),(Saavedra;20),(Salsipuedes;20),(San Antonio de Arredondo;20),(San Cipriano;20),(San José;20),(San Ramón;20),(Santo Domingo;20),(Santo Pipo;20),(Sauce Montrull;20),(Sgo. Temple;20),(Tartagal;20),(Villa Amancay;20),(Villa Cura Brochero;20),(Villa de Soto;20),(Wheelwright;20),(10;21),(20 del Palmar;21),(Acassuso;21),(Alberti;21),(Banderas;21),(Bella Vista;21),(Berrotaran;21),(Calamuchita;21),(Catriló;21),(Chacarita;21),(Chazón;21),(Chilcas;21),(Cintra;21),(Colazo;21),(Coronel Belisle;21),(Costa Grande;21),(El Arazá;21),(El Trébol;21),(Elena;21),(Febre;21),(Gral. Viamonte;21),(H. Yrigoyen;21),(Hernández;21),(Hersilia;21),(Juncal;21),(La Clarita;21),(La Escondida;21),(La Posta;21),(Las Cejas;21),(Las Lajas;21),(Limay Mahuida;21),(Logroño;21),(Los Sosa;21),(Lozada;21),(Miramar;21),(Monte Nievas;21),(Palo Santo;21),(Pasaje Las Tunas;21),(Piñero;21),(Portugalete;21),(Salliqueló;21),(San Carlos;21),(San Ignacio;21),(San Lorenzo;21),(San Marcial;21),(Serrano;21),(Sta. María N.;21),(Sta. Rosa;21),(Taquimilán;21),(Tornquist;21),(Valle Azul;21),(Valle Fértil;21),(Arroyo Ceibal;22),(Arroyo Palo Seco;22),(Berazategui;22),(Cerro Policía;22),(Chañar Viejo;22),(Chelforo;22),(Coranzulli;22),(El Arañado;22),(Embajador Martini;22),(Epuyén;22),(Estación Alvear;22),(Gral. Alvear;22),(Gral. Las Heras;22),(Isidro Casanova;22),(La Higuera;22),(La Quiaca;22),(La Sarita;22),(Laguna Yema;22),(Lavalle;22),(M. García Fernández;22),(Mar Chiquita;22),(Margarita;22),(Monte Quemado;22),(Pto. Deseado;22),(Pto. Pirámides;22),(Real Sayana;22),(Rincón del Gato;22),(Rodeitos;22),(Río Mayo;22),(San Eduardo;22),(San Genaro;22),(Santa Victoria O.;22),(Sourigues;22),(Tupungato;22),(Valle Grande;22),(Villa Riachuelo;22),(Villa Santa Rita;22),(Wenceslao Escalante;22),(Yaminué;22),(Zárate;22),(Aldao;23),(Aldea Epulef;23),(Algarrobo del Aguila;23),(Andalgalá;23),(Arias;23),(Brinkmann;23),(Candioti;23),(Capivara;23),(Cnel. Arnold;23),(Col. Bossi;23),(Dos de Mayo;23),(El Jardín;23),(Esperanza;23),(Gaboto;23),(Gato Colorado;23),(Ing. Juárez;23),(Ing. Luiggi;23),(Jesús María;23),(Laguna Blanca;23),(Larroque;23),(Olivares San Nicolás;23),(Perú;23),(Piquillín;23),(Río Primero;23),(Saguier;23),(San José;23),(San Roque;23),(Sáenz Peña;23),(Villa Adelina;23),(Villa Elisa;23),(Villa Saralegui;23),(Wilde;23),(Angeloni;24),(Azul;24),(Cafferata;24),(Campo Largo;24),(Campo Quijano;24),(Carreras;24),(Chaján;24),(Cinco Saltos;24),(Cipolletti;24),(Col. Avigdor;24),(Col. Ayuí;24),(Col. Waltelina;24),(Col. Wanda;24),(El Cadillal;24),(Enrique Carbo;24),(Fiambalá;24),(Firmat;24),(Gan Gan;24),(Gdor. Roca;24),(Gral. Pinto;24),(Gálvez;24),(Ing. Sourdeaux;24),(Jardín América;24),(La Hierra;24),(La Verde;24),(Las Calles;24),(Las Heras;24),(Las Vertientes;24),(Loma Hermosa;24),(Los Talares;24),(Malvinas Argentinas;24),(Mojones N.;24),(Mulas Grandes;24),(Nueve de Julio;24),(Puerto Yeruá;24),(Rauch;24),(Río Colorado;24),(San José;24),(San José de Las Salinas;24),(San Rafael;24),(San Salvador;24),(Sauce de Luna;24),(Tordillo;24),(Tres Isletas;24),(Valle de Anisacate;24),(Villa Clara;24),(Villa Los Patos;24),(Villa San Esteban;24),(Arrecifes;25),(Ataliva;25),(Bolívar;25),(Bustinza;25),(Carapachay;25),(Choromoro;25),(Chorotis;25),(Col. Oficial Nº13;25),(Col. Sta. Rosa;25),(Corralito;25),(Cuesta Blanca;25),(Don Cristóbal 1ª Sección;25),(El Maitén;25),(El Tala;25),(Gral. Capdevila;25),(Gral. Roca;25),(Guaviravi;25),(Gutenberg;25),(Hughes;25),(La Candelaria;25),(La Carlota;25),(La Cruz;25),(La Cruz;25),(La Vanguardia;25),(Las Toscas;25),(Las Varas;25),(Los Pirpintos;25),(Marull;25),(Quilmes;25),(Ramona;25),(Sampacho;25),(San Antonio de Areco;25),(San Benito;25),(San Carlos Centro;25),(San Javier;25),(San Jerónimo;25),(San Justo;25),(Sauce Viejo;25),(Sebastián Elcano;25),(Segunda Usina;25),(Unanue;25),(Vicente López;25),(Villa Gdor. Gálvez;25),(Villa Gral. Roca;25),(Villa Río Hondo;25),(Villa de Praga;25),(Ñancay;25),(Alcira Gigena;26),(Aldea Apeleg;26),(Aldea Elgenfeld;26),(Aldea Santa Maria;26),(Amenábar;26),(Atahona;26),(Banfield;26),(Bell Ville;26),(Buena Esperanza;26),(Burzaco;26),(Calchin;26),(Chilibroste;26),(Chimpay;26),(Ciudad Madero;26),(Col. Ana;26),(Col. Bremen;26),(Concordia;26),(Constitución;26),(El Palomar;26),(Falucho;26),(Famatina;26),(Gral. Manuel Campos;26),(Gral. Pico;26),(Independencia;26),(Ita-Ibate;26),(La Banda;26),(La Eduvigis;26),(La Puerta;26),(La Rubia;26),(Los Molinos;26),(Monte Obscuridad;26),(Muñiz;26),(Médanos;26),(Pilcaniyeu;26),(Renca;26),(Sta. Ana;26),(Tres Lagunas;26),(Vera y Pintado;26),(Villa Luzuriaga;26),(Villa Salavina;26),(Villa de Pocho;26),(Zapala;26),(Aguada Cecilio;27),(Arrayanal;27),(Barranqueras;27),(Bernal Este;27),(Cacique Ariacaiquin;27),(Cañada del Sauce;27),(Cerrito;27),(Col. San José;27),(Coronel Suarez;27),(Crispi;27),(Diego de Alvear;27),(El Rabón;27),(Eusebia;27),(Frontera;27),(Gral. Almada;27),(La Esperanza;27),(La Florida;27),(Laguna Blanca;27),(Los Bulacio;27),(Los Nogales;27),(Mburucuyá;27),(Paso de Las Piedras;27),(Paso del Durazno;27),(Potrero de Garay;27),(Puerta San José;27),(Quetrequén;27),(Río Colorado;27),(Santa Eufemia;27),(Sarandí;27),(Soledad;27),(Tafí Viejo;27),(Valle Hermoso;27),(Villa Nueva;27),(Villa R. Bermejito;27),(Arata;28),(Cabal;28),(Charras;28),(Cnel. Bogado;28),(Colón;28),(Corpus;28),(El Bordo;28),(El Carmen;28),(Estación Campos;28),(Garibaldi;28),(Gastone;28),(Gral. Pueyrredón;28),(Guillermo Enrique Hudson;28),(Intendente Alvear;28),(La Cesira;28),(Laguna Blanca;28),(Lazzarino;28),(Lehmann;28),(Lomas de Vallejos;28),(Loreto;28),(Los Cardos;28),(Martínez;28),(Mataderos;28),(Mte. Ralo;28),(Nueve de Julio;28),(Plaza de Mercedes;28),(Pto. Eva Perón;28),(Rada Tilly;28),(Reducción;28),(Rivadavia Banda Sur;28),(San Antonio;28),(San Basilio;28),(San Eugenio;28),(San Lorenzo;28),(San Martín;28),(Sosa;28),(Sta. Rosa de Calamuchita;28),(Suncho Corral;28),(Tapalqué;28),(Villa Carlos Paz;28),(Villa Devoto;28),(Villa Diamante;28),(Villa Gral. Mitre;28),(Villa Obrera;28),(Villa Rumipal;28),(Villa San Lorenzo;28),(Yataití Calle;28),(25 de Mayo;29),(Alcaraz S.;29),(Beltrán;29),(Bernardo de Irigoyen;29),(Bernasconi;29),(Campo Andino;29),(Capital;29),(Capital;29),(Caá Cati;29),(Cañada del Ucle;29),(Colombres;29),(Covunco Abajo;29),(Gral. Alvear;29),(Gral. Levalle;29),(Grand Bourg;29),(Graneros;29),(Ing. Sajaroff;29),(La Camila;29),(La Florida;29),(Las Breñas;29),(Manuela Pedraza;29),(Mattaldi;29),(Nueva 7;29),(Padre Monti;29),(Paso de La Patria;29),(Pichanal;29),(Pichi Mahuida;29),(Plaza Huincul;29),(Pomona;29),(Prof. S. Mazza;29),(Toay;29),(Viale;29),(Villa Allende;29),(Villa Eloísa;29),(Villa Quinteros;29),(A. Saravia;30),(Alto Alegre;30),(Angélica;30),(Bariloche;30),(Cangrejillos;30),(Carmen Del Sauce;30),(Chascomús;30),(Col. San Pedro;30),(Comodoro Rivadavia;30),(El Bobadal;30),(El Bracho;30),(El Mojón;30),(El Solar;30),(Estancia Líbaros;30),(Estancia Vieja;30),(F. Ameghino;30),(Gral. Lagos;30),(Gödeken;30),(INSERT INTO `localidades` (`id`, `id_privincia`, `localidad`) VALUES;30),(Ing. Huergo;30),(La Falda;30),(La Laguna;30),(Lanteri;30),(Lucila del Mar;30),(Luján;30),(Mar del Plata;30),(Melo;30),(Miramar;30),(Monte Chingolo;30),(Monte Vera;30),(Nueva Vizcaya;30),(Piñeiro;30),(Profundidad;30),(Pueblo Andino;30),(Ramón Castro;30),(Saira;30),(Sarmiento;30),(Silvio Pellico;30),(Villa Luro;30),(Villa Tesei;30),(Aldea Salto;31),(Aldea Valle María;31),(Alto de Los Quebrachos;31),(Arroyito;31),(Aurelia;31),(Balcarce;31),(Boca;31),(Campo Viera;31),(Capital;31),(Capitan Gral B. O´Higgins;31),(Castelar;31),(Centeno;31),(Chilecito;31),(Col. Bismark;31),(Col. Vicente Aguero;31),(Col. Victoria;31),(Costa Azul;31),(Don Torcuato;31),(Escaba;31),(Esteban Rams;31),(Ezeiza;31),(Gral. Fernandez Oro;31),(Granadero Baigorria;31),(Humberto 1º;31),(Ibarlucea;31),(Impira;31),(Itatí;31),(Juan Pujol;31),(Laguna Larga;31),(Lamarque;31),(Lucas S. 1ª;31),(Luján;31),(Margarita Belén;31),(Mte. Cristo;31),(Paso de Los Libres;31),(Pdcia. de La Plaza;31),(Pueblo Marini;31),(San Fernando del Valle;31),(San Pedro;31),(Tabay;31),(Villa Real;31),(Yerba Buena;31),(Aguas Calientes;32),(Antonio Tomás;32),(Aristóbulo Del Valle;32),(Balvanera;32),(Barrio Santa Teresita;32),(Bella Vista;32),(Belén;32),(Berón de Astrada;32),(Casas;32),(Cañada de Rio Pinto;32),(Col. Oficial Nº14;32),(Col. Tunas;32),(Corral Quemado;32),(Cruz del Eje;32),(Dique Chico;32),(El Trébol;32),(Esquina;32),(Famaillá;32),(Fortín Inca;32),(Gral. Lamadrid;32),(Grutly;32),(Haedo;32),(J. V. Gonzalez;32),(Jachal;32),(Jubileo;32),(Las Flores;32),(Lavalle;32),(Loberia;32),(Los Toldos;32),(Ma. Luisa;32),(Maciá;32),(Marcos Paz;32),(Monje;32),(Naré;32),(Panambí;32),(Parque Chas;32),(Posadas;32),(Primero de Mayo;32),(Ramos Mejía;32),(Río Grande;32),(San Carlos;32),(San Fco. de Santa Fé;32),(Santa Ana;32),(Santa Lucía;32),(Sta. Rosa;32),(Villa Cerro Azul;32),(Villa Sarmiento;32),(Alejandra;33),(Anchorena;33),(Arroyo Seco;33),(Bandera;33),(Berisso;33),(Bonpland;33),(Catuá;33),(Col. Elisa;33),(El Colorado;33),(Federación;33),(Federal;33),(Gilbert;33),(Gral. Alvear;33),(James Craik;33),(Justiniano Posse;33),(La Paz;33),(La Playa;33),(La Poma;33),(Las Isletillas;33),(Las Talas;33),(Luján;33),(Mauá;33),(Oberá;33),(Pampa Almirón;33),(Paso del Sapo;33),(Perico;33),(Perugorría;33),(Piamonte;33),(Puerto Vilelas;33),(Rayo Cortado;33),(Rosario del Saladillo;33),(S.F.V de 4;33),(San Martín;33),(San Pedro;33),(Traill;33),(Urundel;33),(Victoria;33),(Villa Atamisqui;33),(Villa Ojo de Agua;33),(Aldea San Antonio (G);34),(Alta Gracia;34),(Altamirano Sur;34),(Ausonia;34),(Bahía Blanca;34),(Boedo;34),(Bragado;34),(Castelli;34),(Cañada Rosquín;34),(Chavarría;34),(Cholila;34),(Claypole;34),(Col. Anita;34),(Col. Iturraspe;34),(Col. Libertad;34),(Coronel Dorrego;34),(Costa Sacate;34),(Crucecitas 3ª;34),(Gral. Manuel Belgrano;34),(Gregoria Perez De Denis;34),(La Pelada;34),(Lago Puelo;34),(Las Bajadas;34),(Las Higueras;34),(Molinos;34),(Napenay;34),(Paclín;34),(Parada Pucheta;34),(Pastor Britos;34),(Potrero de Los Funes;34),(Rafael Castillo;34),(Rufino;34),(Saladillo;34),(Saladillo;34),(Sancti Spititu;34),(Speluzzi;34),(Sta. Teresa;34),(Taco Pozo;34),(Tacural;34),(Tapso;34),(Toledo;34),(Tunuyán;34),(Villa El Chancay;34),(Villa Raffo;34),(Abra Pampa;35),(Arteaga;35),(Caviahué;35),(Caá Yari;35),(Cepeda;35),(Chicoana;35),(Col. Elia;35),(Comechingones;35),(El Charco;35),(El Quebracho;35),(Estacion Clucellas;35),(Gancedo;35),(Gral. Belgrano;35),(Guardia Mitre;35),(Isla De Cañas;35),(Ituzaingó;35),(La Picada;35),(Las Coloradas;35),(Las Toscas;35),(Los Núñez;35),(Los Pérez;35),(Machagai;35),(Matara;35),(Peñas Blancas;35),(Pilar;35),(Porteña;35),(Ranelagh;35),(Riachuelo;35),(San Antonio;35),(San Antonio Oeste;35),(San Hilario;35),(San Rafael;35),(Santos Lugares;35),(Sta. Teresa;35),(Theobald;35),(Veinticinco de Mayo;35),(Venado Tuerto;35),(Wanda;35),(Washington;35),(3 de febrero;36),(Amboy;36),(Animaná;36),(Atahona;36),(Bouquet;36),(Campo Santo;36),(Candelaria Sud;36),(Carlos Casares;36),(Chacabuco;36),(Coyuco Cochico;36),(Dolavón;36),(Garupá;36),(Gral. Lamadrid;36),(José Rafael Gómez;36),(La Merced;36),(Las Rabonas;36),(Los Zorros;36),(Metileo;36),(Miguel Torres;36),(Monteagudo;36),(Noetinger;36),(Pampayasta N.;36),(Pto. Bermejo;36),(Purmamarca;36),(Quilino;36),(Rafael García;36),(Rocamora;36),(San Martín de Los Andes;36),(Santa Luisa;36),(Sauce Sur;36),(Timbúes;36),(Ubajay;36),(Villa 21;36),(Villa Escolar;36),(Villa Fiorito;36),(Villa María;36),(Villa Pueyrredón;36),(Villa Unión;36),(Villa del Rosario;36),(Aldea San Rafael;37),(Boulogne;37),(Col. Durán;37),(Col. Liebig;37),(Correa;37),(El Mojón;37),(Flores;37),(Florida;37),(Gral. Galarza;37),(Gral. Ocampo;37),(Herradura;37),(I. del Cerrito;37),(Intiyaco;37),(J. B. Alberdi;37),(La Adela;37),(La Calera;37),(La Plata;37),(La Viña;37),(Las Garzas;37),(Lincoln;37),(Orán;37),(Pilar;37),(Pte. Perón;37),(Pto. 21;37),(Pueblo Libertador;37),(Rosario;37),(Salto;37),(San Martín de Las Escobas;37),(San Miguel;37),(San Pedro;37),(Santa Ana;37),(Tilisarao;37),(Tomas Young;37),(Villa Dos Trece;37),(Villa Guillermina;37),(Villa Mirasol;37),(9;38),(Ancasti;38),(Arroyo Los Patos;38),(Cachi;38),(Caseros;38),(Cerro Corá;38),(Col. Viraró;38),(Dean Funes;38),(Doblas;38),(Empedrado;38),(Estación Torrent;38),(Fuentes;38),(Gral. Deheza;38),(Hocker;38),(Iglesia;38),(Juan Jorba;38),(Juan de Garay;38),(La Clotilde;38),(Los Juríes;38),(Malabrigo;38),(Maquinchao;38),(Mar de las Pampas;38),(Monigotes;38),(Montes de Oca;38),(Nahuel Niyeu;38),(Necochea;38),(Olivos;38),(Oro Verde;38),(Palmar Grande;38),(Pampichuela;38),(Plaza Clucellas;38),(Pocito;38),(Quinto Distrito;38),(Romang;38),(Saladas;38),(San Martín N.;38),(Santo Tomás;38),(Sierra Colorada;38),(Suardi;38),(Tres Cruces;38),(Vera;38),(Villa Caraza;38),(Villa Crespo;38),(Villa del Rosario;38),(Villa Ángela;38),(Aarón Castellanos;39),(Almafuerte;39),(Alpa Corral;39),(Ataliva Roca;39),(Avellaneda;39),(Campana;39),(Carmen;39),(Christophersen;39),(Chuña Huasi;39),(Col. Aurora;39),(Curuzú-Cuatiá;39),(Dock Sud;39),(El Cercado;39),(El Huecú;39),(Estación Atamisqui;39),(Gral. Pizarro;39),(Guardamonte;39),(Huanqueros;39),(Italó;39),(José Marmol;39),(La Criolla;39),(Los Chiriguanos;39),(Los Gómez;39),(Macachín;39),(Paso Grande;39),(Puerto Madero;39),(San Antonio de Padua;39),(San Bernardo (N.J.);39),(Simoca;39),(Victorica;39),(Viedma;39),(Villa Dolores;39),(Alarcón;40),(Arroyo de La Ventana;40),(Berabevú;40),(Bigand;40),(Cafayate;40),(Campo Grande;40),(Capilla de Siton;40),(Chacras de Coria;40),(Chos Malal;40),(Churqui Cañada;40),(Col. Pastoril;40),(Coronel Rosales;40),(El Palenque;40),(Florentino Ameghino;40),(Gral. Campos;40),(Iruyá;40),(Isla Verde;40),(La Playosa;40),(Laborde;40),(Las Bandurrias;40),(Los Molinos;40),(Matorrales;40),(Moisés Ville;40),(Nueva Esperanza;40),(Pampa Blanca;40),(Pueblo Gral. Belgrano;40),(Río de Los Sauces;40),(San Martín;40),(San Pedro de Colalao;40),(San Vicente;40),(Vicuña Mackenna;40),(Villa Bosch;40),(25 de Mayo;41),(Acebal;41),(Apóstoles;41),(Campo Gallo;41),(Cariló;41),(Carro Quemado;41),(Chivilcoy;41),(Chucul;41),(Ciudadela;41),(Col. Caroya;41),(Col. Delicia;41),(Col. Iturraspe;41),(Col. Merou;41),(Col. Prosperidad;41),(Distrito 6º;41),(El Cimarrón;41),(El Talar;41),(El Tío;41),(Freyre;41),(Galisteo;41),(Gdor. Piedrabuena;41),(Glew;41),(Golondrina;41),(Gral. Belgrano;41),(Helvecia;41),(Herrera;41),(Iguazú;41),(La Cautiva;41),(La Tordilla;41),(Las Moscas;41),(Libertador San Martín;41),(Llavallol;41),(Los Cocos;41),(Los Quiroga;41),(Lucas González;41),(Monte Hermoso;41),(Murphy;41),(Nuevo Torino;41),(Ordoñez;41),(Piedras Blancas;41),(Prahuaniyeu;41),(Pueblo Brugo;41),(Ricardone;41),(San Isidro;41),(San José de La Dormida;41),(Sauce;41),(Sta. Isabel;41),(Tortuguitas;41),(Tres Capones;41),(Ullum;41),(Vila;41),(Villa Berthet;41),(Villa Gral. Belgrano;41),(Villa Insuperable;41),(Villa Traful;41),(Villa Valeria;41),(Villa del Totoral;41),(Yapeyú;41),(Álvarez;41),(Angaco;42),(Anisacate;42),(Arcadia;42),(Basavilbaso;42),(Brandsen;42),(Cañadón Seco;42),(Chajarí;42),(Col. Cello;42),(Col. Polana;42),(Constanza;42),(Distrito Cuarto;42),(El Aguilar;42),(El Crispín;42),(Embalse;42),(Francisco Álvarez;42),(Fte. Esperanza;42),(Gastre;42),(Gral. Alvear;42),(Ibarreta;42),(La Brava;42),(La Cocha;42),(La Cumbre;42),(Las Cañadas;42),(Mina Pirquitas;42),(Mte. Buey;42),(Oliva;42),(Ranchillos;42),(Reconquista;42),(Rincón del Cinto;42),(San Bernardo;42),(San Gustavo;42),(San Martín;42),(Santa Clara;42),(Sastre;42),(Tricao Malal;42),(Veintiocho de Julio;42),(Villa Chiligasta;42),(Villa Ciudad de América;42),(Villa Flor Serrana;42),(Villa Gesell;42),(Villa Huidobro;42),(Villa Trinidad;42),(Vinalito;42),(Arroyo Corralito;43),(Bajada del Agrio;43),(Candelaria;43),(Carpintería;43),(Charadai;43),(Ciervo Petiso;43),(Col. Crespo;43),(Corzuela;43),(Diamante;43),(El Alcázar;43),(El Naranjito;43),(Juan Llerena;43),(La Quinta;43),(La Ramada;43),(Lobos;43),(Los Cerrillos;43),(Munro;43),(Pavón;43),(Río Segundo;43),(Sa Pereira;43),(Sachayoj;43),(San Antonio de Obligado;43),(San Jerónimo del Sauce;43),(Tapiales;43),(Tezanos Pinto;43),(Tintina;43),(Tostado;43),(Villa Ortúzar;43),(Virasoro;43),(19;44),(Agua de Oro;44),(Alto Río Sengerr;44),(Amaicha del Valle;44),(Arminda;44),(Benjamin Gould;44),(Capilla del Monte;44),(Castelar;44),(Centenario;44),(Col. Alemana;44),(Col. Bicha;44),(Col. Tirolesa;44),(Concepción De La Sierra;44),(Desvio Arijón;44),(El Piquete;44),(El Polear;44),(Fraile Pintado;44),(Gramilla;44),(Huerta Grande;44),(Hurlingham;44),(Lavalle;44),(Mojones S.;44),(Pablo Nogués;44),(Pereyra;44),(Pirané;44),(Pto. Algarrobo;44),(Quehue;44),(Rucanelo;44),(San Carlos;44),(San Cosme;44),(Suco;44),(Tabossi;44),(Tafí del Valle;44),(Tecka;44),(Trevelin;44),(Urdinarrain;44),(Villa de Leales;44),(15;45),(16;45),(Abdon Castro Tolay;45),(Arroyo Maturrango;45),(Balde;45),(Chalacea;45),(Chamical;45),(Chorriaca;45),(Cienaga Del Coro;45),(Curtiembre;45),(El Fuerte;45),(Garabalto;45),(Gral. Arenales;45),(Gral. Baldissera;45),(Gral. Guido;45),(Gral. Lamadrid;45),(Gral. Mosconi;45),(Gualeguaychú;45),(Guernica;45),(Hambis;45),(Junín;45),(L. V. Mansilla;45),(La Maruja;45),(Las Cuevas;45),(Las Grutas;45),(Las Mercedes;45),(Maciel;45),(Mainqué;45),(Morón;45),(Mte. Leña;45),(Ojos de Agua;45),(Parque Avellaneda;45),(Pascanas;45),(Pozo Nuevo;45),(Punta del Agua;45),(Rincón de Nogoyá;45),(Rosario Penaloza;45),(Río Chico;45),(San Antonio;45),(San Bernardo;45),(San Javier;45),(Totoras;45),(Yuto;45),(Aldea Sta. Rosa;46),(Añelo;46),(Beazley;46),(Caleta Olivia;46),(Calingasta;46),(Caminiaga;46),(Corcovado;46),(Distrito Tala;46),(El Rodeo;46),(Fidela;46),(Gualeguay;46),(La Batea;46),(La Punilla;46),(Las Lomitas;46),(Los Conquistadores;46),(Mauricio Mayer;46),(Monte Castro;46),(Mártires;46),(Nueve de Julio;46),(Payogasta;46),(Pilar;46),(Puero Tirol;46),(Quili Malal;46),(Rivadavia;46),(Rivadavia Banda Norte;46),(Rosario del Tala;46),(Río Pico;46),(Subteniente Perín;46),(Villa Centenario;46),(Yacaré;46),(Yeso Oeste;46),(Arocena;47),(Campo Ramón;47),(Carrenleufú;47),(Catriel;47),(Ceballos;47),(Costa Esmeralda;47),(Crucecita;47),(Cruz Alta;47),(Estaquitas;47),(Frías;47),(Gdor. Garmendia;47),(Gdor. Martínez;47),(Herlitzka;47),(Hipólito Yrigoyen;47),(Huinganco;47),(Icaño;47),(Km 658;47),(La Leonesa;47),(Los Chihuidos;47),(Los Pozos;47),(Luis Guillón;47),(Luján De Cuyo;47),(Ma. Juana;47),(Monteros;47),(Papagayos;47),(Pinamar;47),(Poman;47),(Río Chico;47),(San Cristóbal;47),(San Víctor;47),(Telén;47),(Tomas M. de Anchorena;47),(Villa Gdor. Etchevehere;47),(Villa Giardino;47),(Villa Regina;47),(Villa San Isidro;47),(Villa de Las Rosas;47),(Vilmer;47),(Zanjitas;47),(Ñorquinco;47),(Adelia Maria;48),(Arroyo Algodon;48),(Arroyo Clé;48),(Bella Vista;48),(Capital;48),(Capital;48),(Col. Dora;48),(Col. Reffino;48),(Coronel Moldes;48),(Cruz de Los Milagros;48),(Dos Arroyos;48),(El Chañar;48),(El Manso;48),(Estación Gral. Paz;48),(Felicia;48),(Gualeguaycito;48),(Guaraní;48),(Justo Daract;48),(Lafinur;48),(Las Caleras;48),(Las Juntas;48),(Las Perdices;48),(Los Frentones;48),(Loventuel;48),(Ma. Susana;48),(Malagueño;48),(Palma Sola;48),(Paso Flores;48),(Paso de La Arena;48),(Pehuajó;48),(Pueblo Italiano;48),(San Antonio de Padua;48),(San Carlos S.;48),(San Jerónimo N.;48),(San Justo;48),(San Justo;48),(San Martín;48),(San Pedro;48),(Talaini;48),(Tigre;48),(Tránsito;48),(Ushuaia;48),(Villa La Punta;48),(Yala;48),(Ycho Cruz Sierras;48),(Baradero;49),(Buena Vista;49),(Calte. Cordero;49),(Carmen de Patagones;49),(Col. Baylina;49),(Col. Cavour;49),(Col. Rosa;49),(Colan Conhué;49),(Cortaderas;49),(El Timbó;49),(Estancia Solá;49),(Garín;49),(La Providencia;49),(María Grande 2ª;49),(Obispo Trejo;49),(Pdcia. Roque Sáenz Peña;49),(Pozo del Maza;49),(Puelches;49),(Retiro;49),(Rincón Treneta;49),(Rojas;49),(Rumi Punco;49),(Saldán;49),(San Jorge;49),(Sarmiento;49),(Senillosa;49),(Tapebicuá;49),(Veintiocho De Noviembre;49),(Villa Domínguez;49),(Villa Guillermina;49),(Villa José León Suárez;49),(Aldea Grapschental;50),(Buta Ranquil;50),(Cañada de Luque;50),(Ceibas;50),(Cerro Colorado;50),(Cipolletti;50),(Clemente Onelli;50),(Col. Oficial Nª3;50),(Cubanea;50),(Estación Lazo;50),(F.Mamerto Esquiú;50),(Felipe Yofré;50),(Godoy Cruz;50),(Guatraché;50),(Huinca Renanco;50),(Landeta;50),(Lapachito;50),(Las Lagunas;50),(Las Peñas;50),(Maipú;50),(Mar del Tuyú;50),(Mercedes;50),(Merlo;50),(Piedra del Aguila;50),(Pigüé;50),(Puesto Viejo;50),(Pumahuasi;50),(Punta del Monte;50),(Salto Grande;50),(San Nicolás;50),(Tosno;50),(Turdera;50),(Vertiz;50),(Villa Amelia;50),(Villa Fontana;50),(Villa Gral. Güemes;50),(Villa Gutierrez;50),(Villa Mugueta;50)]
