25 0
[(Villa Guillermina;1),(Tres Lagunas;3),(Atahona;4),(Arrayanal;8),(Lavaisse;8),(Ruiz de Montoya;10),(Alpa Corral;13),(Arocena;14),(Rosario de La Frontera;14),(Gral. Cabrera;15),(Candioti;17),(Los Toldos;17),(Aldea Sta. Rosa;18),(Capioví;18),(Galisteo;21),(La Criolla;29),(Tapso;29),(La Paternal;35),(Huinca Renanco;36),(Los Chanaritos (R.S);37),(Nicanor E. Molinas;38),(Río Segundo;44),(Col. Alberdi;46),(El Talar;47),(Gdor. Echagüe;47)]
