8 0
[(Santiago;500),(Chaco;10000),(Cordoba;10000),(Corrientes;10000),(Viedma;32343),(Catamarca;100000),(Salta;129312),(Neuquen;129387)]
