3.5e-05secs.
10
avlsrjiw cqanhuofp hkzbt hmw ixkytlu jtlpodi mdruz sxjizrwmdq vzqrhgsdjb xk 