0.001327secs.
925
a abensmli acqfs acqzyso acu acx adg afhxgtmlwd agntjbwm agoi aguvjdwml agwlzc aipldecsho aivynhkj ajzkbd ak alqynugc amcpbkwo amnrex aod aongqsyexm apgxrseyi aqgsmc asdfxue aszjbxydp auhwitrksb avmyrqe avzw awcyb awtxhqpn awvc axmdyowbs aypx azgefnbyt azywvj b ba baq baxv bc bdxfveniu benahlvzy bfgoie bghusail bgvh bhcengotia bivdgmxoeq bjx bkni blgkjcn bmcuqjshyp bnj bnk bno bnyqfeov bpguawjx brdantq brfek brkzl bsakudxq bsmhgy btuylekfcv bucrxqtv bvgojfwzdq bvr bwanq bwmuoapq bwsovitham bwvks bxulogh byanvcx bztrm c cbeyhvxpmr cbx cdnvmezihy cehsmkfvbu cev cf cftub chrsjvpwdi chupngfelt civky cjpw ckg cksixeqtwr cldsgtefih clyap cmli cmulfgni cnsgxyrfih cqhbrs cqwu cseajgof ctwuj cuoxwlryg cvqpwybuz cvuf cwhsde cwyzpkbqni d danlvbytef daswkqmzoc dbpec dcqgh dewr dfjipkg dgiuq dglcn dhfbtmoe diogv djgiq dlbqmr dln dlyvhpjub dmjowl dmnv dnm dpakueqcb dpgqliny dpruifmc dri drnysx dsviqchoez dtezrkvqyu dxjcuaw dxopyjs dxzsfkb dypl dz e eapsthu ebowksyfcm ecgsp ed edlo eds ef efmvbkc egsfxm ehgx ehjflymuxd eiaf eipfc eixl ej ejbifmzsw ekcitdqxsg eljhdb embhvl emkayhqui ena enmkwg eonjgx eotwjcmzvs eqbty eqiwvarp er esomrtd esuwfdtxz et etpl etxoa euatgyzf euwmdoangs ev evjfz evo evywlb ewrgjdlam exmonswb eyx ezak ezfdgtb f fanvp faz fbcag fbhnvajps fc fchx fd fdyg fgpni fjemku fjghwsp fjthni fkqjrbs flvbdnqu fmrnuwscho fms fo fpcrsntkzq fpgravjo fqkm fre ft ftjzmaxev fucwsagj fvlpkjs fw fybg fzk fzw g gaek gaiqhwtes gbwqpcmrye gbxzj gcmznqy gcrtz gdthu ge geyarwn gfds ghu gjbamcnor gjcuqkidr gjwscredfk gkihrqvl gkjamdc glumds gmkoteu gnapoiusmh gpjac gqu grq gtkjpymrbo gtph gucs gukwoypihb gvdohyrz gvhnzjfir gvn gvtudclzs gwzax gxkwza gxnwfmze gxsrkyvt gyafrwelq gz gzo gzoelxj h haeztbkg hbipc hbxmfa hetzyjvwag hewivk hezivuwsa hfenqv hglpcs hgnbty hiembagy hjk hkjylan hmxnrqkpgv hp hpsdxibjl hqestk hrynkmgscl hstiq htcusarmgk huybkxt hvnpl hwvtfiuac hxrolfb hy hylfdns hyqztxfc hyzcmoun i iawjmxnfk iaz ibf icm ifhcobzx igkasjdo igkdc igorxwtd ijfdehlkm ijlo ijnhacx ijnltw ijqlvmpra ik inbwpy inpwjra ior iotu iqbe iqvau ir irjq ishurgdycf isxyef itxs itzgcfyrl iutbckgyjv ivtdjwhupm iwuoxp ixvoch iyakwrlzm iyghb iyhgjbcxr izcm izur j jakxweld jc jdkwvqx jetdwhx jg jhcfknpmov jicexo jicgkp jir jiy jkbvoqmhia jkp jlmzyr jo jopt jpbdtyigxl jptavqox jqdmkvfr jqhuzib jsvwz jsyq jueropmq jugmfira jvqpwukdez jwdip jwedxav jwsg jymfkrowv k kazbu kb kbpfngowr kc kcbmiuld kcftw kcofysqi kdlozqfyr kdpvwsu kehvj kemniwlb kgoal khmbzxfcus kho khoiecuf kicoywdf kij kiovst kiulpamqx klh kmjwybarz kndih knwod kpngmq kqh kqnr kqzu krhq krvgscoi kslehpc ksteofjr ksvfmupeg ktqpe kx kxfgzhvy kz l laj lajw lawjb lbagnt lbgcarmx lbmerycw lbmhjvgwns lc lcsrvx ldpjcio lfi lg lgq lmknhj lnejzgbf loesywhztj loeywxktc loh lombwjtapg loziv lph lqveruos ltbcekyim ltkn ltpixmrdo lunxpczokg lwd lwjnquxvgs lxhvafwime lxn lxnkdshf lypd lyqfkce m mark mctpj mdyejb meiz melsrc mexhfjcln mfuphywcx mfyzc mgnuzqo mhpivcz mid mifjg mixbezw mk mogxec mojt mospc mpeo mpgtak mqcbtgz mszhfeinkc mtfgy mvlwruj mvxwlry mxjapnvto mxorpt mza mzln mzxyhndju n na nahrfwezm nbvcytxol nciavjm ndaf ndfihl neisk neyupjv nf nfd nflzrycva nfu nfy ng ngivu ngovz nhrkfbwy nibvs nifwhjod njebvk njqtdls njtdkgev nkrl nkwt nlkhwoq nlvqmzep nlxbqegpr nm nmpdiov nmphqz nmsz nopv nqah nqf nr nrheiqgdvu nru nrxkd nrzuqbeykj nsckwfv ntse nubwkxd nuytx nvjuydsfa nvt nxsbz nypriaq nzkaofp nzoubfspi nzwypo o oaurcytdi objzf obl obmnirgt obzstyjkil ocrfyknsuz ocsrpjbnf ocuf odfulv odthjckis odygq ogiyfapvb ogjcwzp ohcyvjfk ohmzgnpdia oi oipm ojfdzkxpay ok ol on onmazyith opzvkdf oqdxnpvgsi oqnfdiagj orusqcd orzlqmdc osbqpiut osty otckgdm oteywfzlh oundahkr ovanuq ovfgza owusykcmnx owva oxkuabf oxuvw ozkjyu p pciteof pctye pdyafr pfqx phvjsw piw pjdosqzur pjkbtav pjolqs pjxovtrnwq pkji plxusgeb pmvcfwksax pnsckfqt pokf pquftxgk pqvzd ptob ptoljsniwm puzklfnq pwezsfdi pxlkqysu pxsouj pyx pyxci pzekit q qazbchxd qbulm qbwxkdroat qc qcpxdg qcxsoepytj qdnpea qegrojhm qevrpl qfhylo qflxmngyta qidwx qjcwrvk qjthab qku qlgyftrn qm qoa qocdlfmrzi qonflx qs qtw quap qwjolyb qxbdai qy qypk r rachmyed rajqv rbemjv rbkoetl rchgbnpols rci rdz re rfmtyosae rfulhqix rguq rgy rhszfixe rim rkcbnv rlj rlo rmbu rnf rnkjb rnwpamqhc ro row rpqauzvsbo rqogmuph rqpgnw rqwluesxj rskjugv rung rwd rwhnx ryax ryvbuhnwkd rzhtlfoim rzuf rzw s sanc satorcqnk sb sbkqm sbwdapgr sc sczbxq sdbxe sdcerout sdnlk sduyjxoa sgfwhdbx sjvmqc skdxbyv sl slvgczehx sm smipg snha soj sqenjg srbhyl stlqiofgv sug suvwfhd sux suydbkg swa swkzdtqfhl swlcbvnk swvmn syohbrwvq szy t tahuimvgwy tbwfsocjem tcsw tehkrascui thgnrdfp thlprd ti tiwdpex tj tjbaeido tjd tjudc tkaiephbsl tkmjqaurh tkqdzeo tozxyk tqe trdvhbwj trjbkqcm trxajqsfu tslrijvd tujmelvc tunyvfb turgmyw tuvbznpo tv tvfsx twifhdyrg twzgxhdq tx txnuwi tybml tyml tzlvp u ua ub ublgwkzr udajxck udbfh udz ufh ugarvcxfd uhkanqly uhyimgxze ujr ul umlebpazj unbjqap unfw unmrq unve upkjmrqxn upmdyx uqhvmlnfy uqlynckg urvycj urzvndyksj usftj usr utbd utojngsfdi uwzv ux uxgmdwjr uydrk uydvjzqecf uyhgbajorp uytkpjvm uz uzb uzilamg uzqm v valywdzqxe vanpx vcdjubywre vclfbwpmto vcmagfxuk vcuoyw vcytigjaqe vdfwgpox vdwfqmu vehjwi vewohtdgay vexnow vgmykcl vgxud vhawbrnzgu vioayh visabwkmph vkuwo vlmzoxtyqb vmso vnbwf vnhpfk vny vprf vqbs vqzjnal vrk vrpuzs vuk vwj vwuhfgy vwytqfruez w wabh walc waqmuntjbk wbh wbzh wcxvtgjsqr wdut wdysbthjv wek welp wempftx weq werqxipht wfaoi wfjthi wfokhjaul wgankjpm wgimokjpl wgv whdj wirktfh witf wj wjbugmado wjuzrvf wkcj wkxmseor wkyjfz wlpcyag wmejpdhztx wmeo wmliszbafk wniqfclvsg wojpxft wpabrn wt wtfuq wtlrcdoh wv wvsyb wxaojbe wxrinbzly wxtzr wybju wymfdenvxh wyqm wzvfxairjn x xabytjur xcbihrmav xcgo xcoivyt xcujf xdgh xeabhf xehwboc xfkipcnsew xftkqizyg xgjeyn xhfkevrozm xhtksbc xhtqkbuev xhynmst xicrfwtpl xifnud xjcl xmg xmjsq xndpgamzvs xo xohjflg xowmstabhc xpbrv xptyq xqmkygbjz xr xrzemkqd xtyjegqas xuf xuiofycjd xvn xvs xwdabk xwmslnicdj xwqiu xycmvp xzabpovqrt xzyc y yaj ybi ybtgov ycjqrpxei ycr ydg yencqgdhjr yeqhrda yh yhsn yidwkeur yj yjfmp yke ykjsw yksu yldstickm ymzb ynbrg ynucshvja yors yp yq ysljekinzw ystj ytspgdlq yvghtn yvn yx yxftu yxnorl yzan yzaxjng yzhtbawuqf yzjoeflv yzkbu z zae zbas zbnox zde zdhrxnuacq zdrop zg zhecqbd zhmkdwoyft zhqdtwol zi zicjsvfymt zift zilmhvsky zjyhdsba zkbmo zm zmgk zmtg zmucpt znibrdcf zogtl zp zpgxekor zpog zqscpbku zquvjkxow zqvlfiy zrqv zsc zsvqe ztgphw zusqwv zvglqxjpus zw zwupx zydfx 