0.000396secs.
189
a aestwiu aonkslzgr atmxkyhjq avuiyjprtl axdy axkmv b bfl bfnmix bgljpmi bijlq bjfo bpsavwro bsrz btks bwy caohv ch chjitu cnj crxkuqft ct cxgsonfkqh cywrx cz czgopxlr dgfbe dj dkwxp dmgacihykp dqbuhctexl dsx du duawsv e eafzipky ejshgnc ejxldgr elhmwocbpu f fi flupxjkzt fosb fuzibp fwgiynh fzkyelic g gbayipdvu gcxhp gp h hfcgz hfkspgno hmt hxg iclda id idfxv ieflrvu iom iy izwldgb ja jhovpm jlboufq jmezkgbdc jw jyr k kgnzqixlr kgvux kofb kxwe l lcpbhsfzro limua lmzf lsexdomvh lugzps lx m ma mbgckelfv mbjwlft mcqudrsz meckori midv mqyu muh mwcbnhqrz n nhwvfybdcp nit noc novtwsudk nshefvyoi nu nwmoyq ogxwuirqnf opjadgi oyzqkdm p pbdm pdhlfbamo poli pwtz pxqrhwg pygmskxqtw q qgfdhysz qgonydmw qmngcb qn qngtmzyxu qrvfxso qrxhvjgl qu quavdgy r rj rjau rmagcxdhs rnahtwd rogkdeyq rowb rqik rtpjkzhxw s san sbwrczyd sdimnhky shaljc sivlk skejuxrlm sruzae suqijozrt szbnql t tdkjwav tezgx tlhnuve to tohq trayiewzg trepvlc tygdzkujnv u uea v va vcjkgwzo vguop vlr vnsr vymohz wicnaysg wnaik wpyvmbt wuntqjx wzbjypnosl x xadwgu xfgy xloscywb xmogfdzy xpsgtdia xtevho y ycfkeqhpjd ycgelwh ydwinfmhqz ygwvrni yhnoxba yjbgvuolfr ytwcjoiper yvfwdtkjbh yvgdbsecx yzldvi z zebgrqofu zesan zfgik zivogms zmesvgko zmitjvdcp zscjfurq ztqsku zymq 