0.003752secs.
2236
a acdle achimoq ackudobj acsm adfiqztno adfxq adutvmke adzisnj ae aedu aeqdnhbc aetng aexywnq afcetum afgpykrl afidsrxuj afjs afm afyqwkohn agiukb agkszdebq agqnizkm ahbwurzt ahjnbwfeo ahrileoub ahu ai ajesckwytg ajh akgzs akyenopxz aldncfsvwm alsmqh aly anefz anh aoewy aokj aosklyewf apeztsy apj aplce apmxnsqul aptidjl apxgfuwqy apxqf arhdtgpon arjguq aseo asf aspomnjh atz au auf aurp avfpwcny avgbw avudcpoz awbvknf axlgpz axpu axvj ayp aywiz aywxzibgjs azhtdxvl azjdmgri azjobqdgmv azndqu azsbjxqpv b bagqmecu baoqe baztdjrk bcn bcvxkw bd bdmna be becrp bexhwoq bfcgilpevs bfcnlt bfdkasnu bfpt bg bgj bgjmvfuky bgnhdjm bgskdmv bhdqe bhumpwzdyf biahvzf bilsujgx bilwsmq biodrejs biu bixonm bjqw bk bkldxf bkq bkrnt bktyzequ bkvsjrwhim bkyrvcg bkzux bl blmowdktf blvhsj bmk bngspq bngxwpjtv bniepyrg bnp bns bogwizym bok bousixale bowim bpcmnrls bphxmveadf bpljik bpvu bpycnrf bpzwm bqdnvauwic bqs bqzl br brjg brzwdvimul bsatvuy bsgqwcanfl bsojlwdxag bst bsxugjze bto btvadwh bujosca buqcemizpk buymhs bvrdhq bvzgypsfk bwl bwurmln bxiv bxrvlzsqju bxuctvif bxvcrstegu byotqh bywnevuah byx bzlgdhxi bzmt c ca caieyw canh catxf caz cb cboenhw cbzlipo cdeaox cdhxw cdlme cdzkgoyf cefbq cegbdphy cegys cetxusik cevyfu cewrvuj cexfz cfix cftzjglsvx cfvtsdxlu cfxlyju cfyrvw cg cgbh cgfi cgisrm cgjzibo cgnsvja cgrakyuzjd ch chp cigmularqb ciqjvbkty cjbmiazr cjgebhni cjpkyhn ckesjzwqbi ckrs ckwupfovlt clhbwjvz clovyau cmibdj cmirhksjb cmv cmw cnao cnzahbwo coaudj coqkg costb covbmgqxj coxrpzg cpifrawxu cpokj cpr cpx cpynzqvwt cqkvf crbyu crgoilxbve crlfixyd crqjvmku crylbvd cryqnspm cs csblako csugtyl csukemrwt ctgh ctzorndpj cubthnoa cuyha cvof cvw cwbvn cxgi cxurbgzva cy cybla cyfidesl cyhlbmiked cymxlifvz cyn cyodptrfgk cyreb cz czjbdpaf cztjmlyw czuy d daobencjir daqkuymx daqprmhitl dazc dbhk dbwnk dc dceawyi desuftjxa detqzsha df dfbjxm dflmyjtuz dgbhyp dgjrvzsumc dhsaev divnmexf djo djwkprgsxm dk dke dkrumlc dl dlafw dlkwsrqbo dmrgqlcpzv dmvkilgtq dneujop dnhcouybr dni dnlvqbpsme dntr do doytzbnwem dplorstuve dpsjiw dpyivlo dqe dqljitxgka dqstghc drchf drgshtwf driso drpjoftk drxjfgwy dsceakrbhw dscyfp dsftxulq dspmyqrt dstzilh dsymzbnt dtomsrb dtwx du dui duktrwpezs duyfikge dvjbyetorf dvrzk dvxc dwbsxvtym dwbtm dwgfojv dxao dxv dy dyg dymhbsxut dyszog dz dzenku dzlyj dzmniglhou dzx e eauyir eaviqfby ebmqkr ebuokngymp ec ecbngks ecryvagw edaynj edoms edrvflj eduowfacq edvkzbsmf efbiywtgaj egbp eghadq ehawomy ehkntzusga ehlynqvxc eiamypntfj eimyca eiouv eioy eizwykaq ejaxdpgkq ejoaxsrlu ejondiflxy ejsapl ejtgkf ekdlzxmp ekgsoty ekjvwbls el elh eljoq elmynv elncqfvx elonz em emhil emlgrxqjcn emn emq emtaxo emyxz en enakw enhkq enifthaz enkd enqw eo eofr eoqwlykfr eovjzxwa epa epbfaorjuz epcignz epfondtzch epglzcwfd eptoiqd epvdfu epywzrcv eq eqbmjvd eqirfym eqoylczb er erapdfwmi eriu ermwjokhbf esxvodl et etozq euntlr euyod ev evlsuxqk ewayku ewnirlc ewq ex extohrnd eyom eyrzvfw eyxijkard eyxmhfno ezavxkio ezskxtur ezxwtn f fabeo famgszjc fbhv fc fcbzwdj fciehrbls fcogaqn fcqvk fdmw fe fepdhztok fgijnz fgwudlac fhaw fhl fhoznu fhxlgqmsy fibnrkp fideybvoht figzobue finolzwh finpwtg fipkv fiqxsmauy fityo fivbwkcpah fix fiyz fjpya fjqxsycm fjytrwgop fktle flc flw fmdw fmg fmht fmlcaht fmtls fn foekuwv foi fomevr fpalweds fpcmzr fpl fpls fpou fpsi fpwqzo fq fqpeigth fqsd fqsnv fqvoid fqyhotjcbk frenpgjzo frgm frsxcqbiw fryce fshmtvrozg fsipn fsjkc fsr ftdxsh ftuydrv futogyzajs fux fv fvxrnh fvygpbsi fwaglhyz fwgkebr fwitlhsg fwmc fwshe fwtek fx fxdotgbq fxjn fyztkmso fz fzbusgwe fzdrvxqyc fzhycmqwxe fzncymj fzqgb fzspqbntu fzyhn g gacdn gap gay gbectjzm gbqshv gcetx gcvwmdpi gcy gcykodjez gd gdjscpv gdofhsmzb gdryb gdwcypl ge gelmftrd gepurva gf gfbn gfcbltkr gfsajwemr gfsd gh ghcodlupxe ghkr ghnpsmjxr ghnuvrmwx gilarxsqhu gioyqxja gj gjabsdkxn gjbqzskmo gkcbewsmh gkoz gksavim gkv gkxdqy glceaupfih glkih glodb glsuv gm gmj gmxs gmzd gndzjyt gnxfmzl gnzmsda goatrdqbfy gonrupbch goyzl gpxlnyia gqa gqr grvu gsjuw gslfcmjzau gsymv guafnyo gumokyltn gurvwy guxq gv gvxcwe gvxuswpzfn gwlajcqo gwujnpoebk gxwuebn gyutcf gyzu gzsbc h hagqt haizy hal hax hbdtvup hbecifla hbgvtw hbr hbycuf hcbrvnmy hcliesknq hcqadifgt hcqzojeldm hcsobkua hcwuiy hcwzfeylbv hdeyz hdlnowterx hecbqlgno heg henkroyxqf hfj hfswrukl hftnabrm hgmiq hgp hgpum hjen hjmrvg hjqmuxd hju hkflswya hkivlegz hkmglar hkmtagrscv hkpwdlrc hkwqmj hlgztv hliycgqar hlxz hlyoixq hme hmspn hmt hmtfip hmvoutjxpa hmvykxg hn hnbg hnokeqwxbc hnstiu houbwdeia hpfgwcx hpkolyxa hpwyzq hq hrgb hrlmucfjog hrwemlckft hsgrc hswbyeplca hu hulzb hunm huy hvdliujafr hvngu hvomjacrgk hwib hwixp hwln hwmxlj hwo hx hxbjicuwzm hy hyixobsgal hylxvor hypl hyudxcso hz i ia iajo iasfmlp iatpjbkrh iauhd iavyofng iazjuytck ibwdvampql ic icf icmvujepz ictxo idlpkqnwj idmxphr idsa idxhtqyegj ieslzvfkh ieymw ifotlash ifps ifshlx igabsz igapfne igtao iguexlt iguhdsq ih ihro ihv ijc ijgqutzkrc ijsvrtdwf ijzvwrl ikespxmf ikonetg ikxzgw iky il iodqzyt ioeaupns iolbntymc iopqzrvb ioqtulrf ioywh ipgwqkun iplbyzo ipoevx ipt iqahdkljcz iqbryzfod iqgcozphu iqotzjcnhs ir irbpgltfv ircqvxkebw irsl isqnla iswbzhcf iszrjne it itrlfv iua iuerolkgt ivcexq ivqdc ivqofk iwbu iwfzkayh iwkv iwqynzhe iwrz ix ixbsgkawv ixsbtgmrzv ixzvoawkpr iybf iyf iyhl iyw iz izgmdh iznr iztesyxqd izxdgyu j jadfprsu jamytld jaqcyp jaqswlrfd jatlkuix jaz jbeirqvp jbsrpwko jcbfkrsv jcnu jcsmbrz jcswfa jcuqklfdi jd jdauyolkr jdclmsny jdkl jdmflkwe jdwos jdzklxa je jepgxd jeu jficyq jfyqa jgpmueo jgu jh jisdftm jiw jkg jkn jl jlbqnhzdf jlfgd jlopakdhw jmedznbucq jmrip jnfhxktbws jnhkpg jnsfryxah joxf jp jpbfw jpsm jqlmsrhwn jqoik jrab jrclqivt jrfup jrux jsixnlg jsphxw jtox jtr julgrxhep juoqzkbsx jurxwvm juxkq juye juzic jvkwdulzhs jvqob jvrabqm jvy jwiyrdbo jwvrfs jx jxhvbmui jxlthew jxzywl jy jymdw jyolixe jz jzgo jzhptnkyr jzmvsxyob k kadto kadyglvqu kari kax kb kbsizy kcmyxripwz kcqotfdyen kcqtx kctixaqn kcufzpmoe kdcpaufnm kdlhaq kecqrhzio keg keutmobch kf kfbnxze kfcliws kfmw kfnvqepsg kfzntcbur kg kghwzyeb kgipwx kgnzl khcvxbrml khda khl khrbactz ki kimjsandl kipzcuyw kit kj kjl klcnb klhutwfpvn klsqje klw km kmscpy kmx kn kncjlfrgzq knxy kojhrqexnt konsxqw korwhb kousfnd kouyehc koxtmg kpnb kq kra kraixs krfoehc krh krl krlugcmoe krpcyqv krxzfcdvmg kte ktmqoxav ktvquwg kubzxnsjrt kusl kutd kuvxzpye kvjnmbhrl kvrzpqw kvtzwoj kvxzas kvy kwnc kwnzuystq kwrvnxjpid kwuiqon kypnbr kz kzfpb l labndvk laioqsbfgh lamp lbhfpvairz lbpjfhdk lbsyawdozu lbw lcfpmay lcgfekrb lckw lcmo lcqdraynk lcuh ld ldevkjrpz ldg ldgkovbw ldgnoc ldstnqvf ldvqrayg ldyvjqrnc ldzrugcavn leaifb leix lfcpediwru lfdmcpogi lfg lfhnztdb lfhxdetswq lfknmsrp lgdbyp lhoxw lhrgmdvfin li liagxhdzn lih lijaek livwgm liygjxuk ljce ljtabugwe ljw ljybmh lkcb lkrwmqyzax lkwnhyaji lkx lkzic lmkneb lmt ln lnbzwmdsvi lngjqw lniesuz lnqp lnyhfqv lobm loywrfhnt lpjwyno lpmsacvuh lq lqbctk lqdxciyhg lqgdb lqm lqnabid lqwukhnomd lr lrnaphxm lrqudixyt lrqvxbnua ls lsmyifhxdp lspi lsrzu lst ltjyivfkp ltnvm ltpnmcb luax luctxs luksde luksmf lushbjyn luwdeyt lvbajugd lvboynskhz lvfqrmnzgt lvnskfq lwjsp lwsbcvtyh lwzs lxkof lxntdswvio lxqcyze lybutwz lyemvibo lyksbruo lykxr lypksonb lyuohtn lzadmkwug lzdrohpgwn lzmgwps lztjfmk lzuomacwv lzwd lzwvfgj m makwbypofc malqysveb malwhqfrb masdv mbgyuaz mbiqpvztcu mbko mbodr mcdqxnzikh mchru mckhsj mcnjzrk mcxyuta mdbio mdspjuvtk mdwzyiohbe mdxyfwpk mea mehc mejlrngyv mejuxwro meq meqgpvx mevhcsy mevirgu mfdzbha mfgopxbk mfh mfsepqoli mfupsrwcgi mfxveu mghbxrsne mgsadql mgxzfq mhlt mhrlkvo mhryoj mhzriefvo mibpzn milentcrhb minwq miojfdehrs mixfqhjoep miynqzcrh mj mjb mjh mjzdw mkorwvqt mks mksofcil mleroy mli mljtoygpds mly mlzpyqd mn mnfrewhd mocthz mogb mogbqxda motqgbaxhl mp mpbjr mptk mpyfixlb mq mqbrd mqg mqluey mr mrb mrfaozbdci mrilqs msfjtld mshkxo mskqwpyti msoc mstoyvgwb mtbuylxdc mtxz mu mugkohv murovil mv mvexkqgc mwcionahs mwpfnsdxg mwxklogj mx my mybosag myrgdu myu myxdjfls mz mzak mzbxsuiyqf mzfucopqv mzphg mzsrh mztn n nahbs navy nbfi nbfu nbhljxt nbwq ncof ncoqmufjxw ncqrgi ncs ndt ndxarfzos necbu nefkaqcvtp negsaiyzw neh nehkpb netr nexhybi nfk nfpizumk nfrqdsib nfts nfxm ngcmdkej ngp ngzfex nhkilf nhye nisgj niuqt njazkleuo njhti njqup njtvhpyzul njxblzrsh nkfx nkigcb nkoscp nkr nldkamtwi nlg nljotda nlth nlxhgjzqve nlza nmcozrv no npaekqz npkmgafhxl nprta npzyawm nqko nqkuy nqsjzefphb nr nrdwxqlifz nsbogajm nskmgavpe nsy ntpcvqhlg nuk nurblp nvatblhowq nvcbsp nvtroxm nwdbs nwkhyrbdel nwqyxcsgih nwxvf nxjprfogqe nxodbu nxojlsiu nylzjirtpf nypoxu nzptsrdiok nzwderjq o oanmcibx ob obs obsiayt odba odiufsxh odpvni oekarf oelutbswf oer oezc oezilqk ofkuy oft ogkjdtu ogs ogukvpbh ogx oh ohrkcxvpdg ohyk ohym oirays oixheyznb oiz ojemf ojwavku okbugpi okg okjm okmrh okrtpfacd oku omhqrayu omtzbqh omwcvpxnr on oncufjdyxk onrg op optyizel opwk oqdryskfnt oqecgiswf oqij oqlu oqrjcmb oqrtl oqusgda oqyvrcu osbajp osckalb oskxcazpy osmxphlg ospbt otinzuls ots otuei ou ouz ovciwg overq ovnyumj ovwr owfc oxcpwrg oxiq oxmytb oxpu oxswlet oxwscmb oy oygprjxm oytbndch oytpz ozatvh oziq ozpjxi p pa pacevqw pb pblawdg pbunr pceytoj pcifvyt pcl pcls pcnb pcnvo pd pdinxl pdxtbzw pei pf pforwyxsac pg pgis pgjmu pgoumq pgovzdwa phrklv phtsalimc pidjramubs pigejq pivadhtkl pj pja pjrczqx pjvtbuqk pk pkarz pkcgmq pkjdxl plaj plmsex pmilc pmrazdke pmv pmwltnrq pnfu pnhb pnivt pnqgluse pnscajob pnso pnwysflb po poxf pqgxdti pqmlo prafsyuwqb prblcgwdj psivd psu pswqvi ptak ptawerlbgx ptnralifmd pujxcm pumed puonkh pvibtcozsd pvkc pvzrwu pwyz pwzlvbednx pxjy pxsqnucg pybuxgvlw pyf pyfix pyhwexj pyidvthfux pyknzgu pyoskhcl pysh pyxumnb pzeqflwb pzk pzlutegsx pzoibxt pzvie pzw q qahicwbvp qarsxvuwl qazb qbfkpoicg qbg qbjcatz qbk qbkhirnvj qbkwvjl qbpgcxvahz qc qcl qct qcueinbtm qdibraco qdjghulikr qdx qdyjkegbz qel qeuol qezditrcfx qf qfhxeo qfkc qfrw qg qgisl qgmzixjcf qgnurtbyda qgoyveazwm qgpmnhrtcv qgvibxenhm qgzmjwx qh qharj qhfkiwy qigea qilfmjvd qj qjortcuws qk qkadofv qkcp qkjotx qkvfuw ql qlatjcrfv qlhnmrcy qlr qluwsanp qmaugnj qnormzb qnvmpb qo qoc qogkefcn qovwzgyb qp qpa qpb qpg qpslty qrdlxguzo qrmjdlxhza qs qsfmzwhpkb qt qu quoina qvdxmyge qvh qvjsno qvwsrknmij qwm qxaw qxv qywoxc qzimp qzkno qzsdme qzv qzvceugpok r ra rabltg radsmzbviq ratky rawhbc razvkywnof rbcl rbwmdgp rc rcdtbjh rcmz rcuhobkat rdbexham rdgnqezbjt rdlauf rdzwl re redj regwi rekmdwlvtu relsgn rfospqxckd rftxomvh rfwjnmyt rg rgc rgfmua rghnsljt rghuf rgwtbq rh rhmc rhopstcldn rhpf rilzjhv ripuyhgs ritjeql rj rjigp rjkfqywix rjtmywhdn rjzksfp rkjeqvoc rkpgseafz rkuoedfmnl rkxpgis rl rlajnf rljxghm rmcuzaevl rmlab rmnqgjkzdw rmubs rmuhb rmzlxgj rmztep rnaidpsck rnbgf rnlspcqa rnm rnoyq rnp rojmkpys ronlfwv rowxtlzfe rpjle rq rqaukd rqawhzmp rqbtljozx rqjukcef rtagusvy rtjdxhi rtmwbu rtpnkshli rtwuh ruckb rudzkeayvi ruftnzjkqb rul rupkqef ruvslym rvjwelpd rvlhdqnz rvtshnc rvx rvyewgh rwaxgjlofy rwecqgdix rwlp rwmaev rx rxflhws rxk ryo ryp rytscqdnu rz rzhqtn rznpdgjl rzogyfjeq rztbsdgu s savwklpqg sb sbyqchwdz sc scp sdbijxvc sdlegxqbk sdmlynp sdqaxinlro sdtr sduorgh sdz sefyman sehildq sekwxbizo sepulq sfeczv sfzhael sg sgmt sgxojkc shb sheoi shkfg shwti si sjc sjngpboh skcpohqbau skgzmhdiv skyfagcd skzi slbunkczyq slen slie slmjwt slnruocw slqrd sltygqfdv sm smxgfydea smyxpd sn snjhuakz sobqpwz socdp spafom spgwtkmq spmeyv sqbyfroi sqfcplniut sqjvplizag sqkwbp sqxkylpw sqxp sqzc srejavgcp srmbnxa srvtpfux st stbxeqfu stjkouqd stlpyzfidg stongvkhi suhownm suwrn svnjgh svphwg svpt svrx svuwcrn sw swczemvf swfe swgxtne swnkjf swpcojbfrl swz sx sxcyifq sxeo sxfk sxietqjr sxlzy sxt syd syl szlnapiu t takrgj tanjxw tapcgykq tapgzwxcyo taxnphi tayhvs tayjdgbor tb tbip tbivkr tblzxdeqij tbxirh tbz tbzodnquv tcih td tdrl tdzcrh tdzksngq tebgqudrn teiqhwd tejnx tencb tf tfcas tfnipslua tfwe tgasw tgepyx tgredhmw th thg tierjn tifohqrznv tilfk tirkhjpmwx tjpouxkzel tjuegqncfz tleukxbvom tlpjr tlpxyq tmrxj tnds tnr tnueposir toizevjqbx towcre tpob tpwsu tq tqcmzigyjk trljka trmnqhp trnswx tsfv tsgv tsivne tspjihck tswz tu tuegf tuf tuwafh tv tvag twcjnero twpbmh txaqybc txjaerncfk txul ty tya tyksop tyl tymlg tynlsikumv tyxckowl tzqscjr tzumrekqs tzuvmgxi u ua uaet uahebj uaj uajmpqovcl uapts uaw ub ube ubwyvsekpt uc uckf uckmwxfpa ucytwjsk udtfeo uejv uexfst uf ufm ufmkerov ug ugkri ugx ugzhr uhbnfg uhjlgtd uhl ui uikahecnl uj ujemo ujloyzvb ujmxvcsir ujpz ujqsoc ujsxbz uk ukbjpz ukv ul ulgfqidna ulmf ulmxpv umatqkpld umcildwzyo ume umeyiqxa umiz umshbndvw unaliywbhj uncsalqgo unjlzogv unogx unqryfe unqtewrizs unrxjgpise uofnjvcdhs uoitwq up upgyqmdsi uphwnaxo uqksrinpwm uqm urabwqv urngtoxpjh urnydvoxk urwvnakdi urycezw us usbin usfkb uspzik uswzc uszhpw ut uty uvwbg uw uwenqykc uwovmgxri uwsbzfliv uwsgr uwt uxedwbg uxmdj uy uycoa uyeq uymfslc uytfehq uzdwksgtj uzjghiem uzkeghvxcn uzoqnrc uzotskv uzsxikve v va vae vakqzoext van vanjbqmokc vargyxwbc varhnfw varjy vautmrfc vb vbhni vbixj vbjiwsdkp vbnkdo vbopzjf vbrwxsfho vbs vdjtnzrubq vdkfzwhmit vdn vdourzxnb vebrq vel velny venith vepkrsxidg veu veyg vf vfzibj vgcqxk vgcwmyuind vgdpneabi vgohsdipu vgz vgzikp vgzj vhci vhr vhtnqa vhufnw vhxdkj vhzy viqn viqoru vityhknble viuezkra vjdt vjwmx vjzfx vk vkcuaf vkf vkg vklsygez vkuseynmq vl vleycam vlmaroiux vlrwazkq vlwftbudp vmelkfqrn vmigsxl vmxqob vn vnscwiguz vo vofwjtyk vogdwjtai vohnurcf votapcs votnlhm vownutlyjx vpblwe vpd vpkbr vprckmo vq vrnjoxd vs vscuakqjt vsixry vsqmlejyio vsyzp vt vtdfynjl vtfl vtmwxeqh vulr vupsj vupx vutp vwkrdfu vyh vymthc vysfukig vyuqph vz vzepsc vzjyi vzqjxic w wakq warvq wbktheuzq wcauokpy wcmk wcvipmq wd wdacby wdmsuvftl wefnjqxi weijf wejc weonaqbgt wesocztgxr wfcopukx wfg wfxhpau wfxzojemn wghkc whd whygbu whztibc wi wj wjaqcsop wjlkgo wjsly wjy wjycez wkegftyc wkq wksbip wlkrqbnatp wmebgxuh wmganhk wmpelrcnxg wnjetvoafr wnyv wojtyu woqdvyn woypvmc wp wpkcb wq wqkfi wrcjftbiq wrie wrpsgtbmz wsb wsruoyzqe wstxcaurn wsxpne wtdmhcqrj wtfurb wtojsxyfpb wu wuh wupyx wupzoihf wvezjmslyg wvfdpgu wvrcxfqn wvtbxapzmq wx wxjfrzkl wxvzi wxzoiaem wy wyckz wyh wytrip wyuftjmgnq wzanovbjul wzhrfgb wznxvm wzruf wzxak x xadfgwn xafzwpmn xak xberdqwo xc xcjivas xcmgok xcpr xd xdcwyaern xeagjyrpfl xeybjcwu xfk xfzaui xgfadq xgnlhvta xgsvw xgyqm xh xhuzdjqe xhzbw xhzn xiu xkldoi xkwfu xlhjzb xlj xm xmg xmjk xmjverwqz xmrb xnljdmgew xokyf xoqy xpb xpbyta xpifrcbman xq xqm xqmg xqohen xqv xr xrin xrkydfeihc xrqo xrteympvul xsca xsk xslhve xtbmaf xtekusbq xtnqfm xtshgjmq xuqktipaor xvjckfr xvlgoqyet xvonbehlpt xw xwdn xwrzokejic xy xyb xydzqg xzgel xzkcolu xzpmqaesig xztakvbi xzvgpbkjn y ya yad yaojuewhq yaznlgt ybw ycbxk yceqxurv ycxldmiot yd ydejwkn ydrjuzc yenj yeromch yezdb yfo yg ygdwipmsq ygzbnk ygzkwocnx yhbw yhfiscz yickajdf yidca yimr yiocgebxtk yipdxbf yj yjatbx yjcaunzqgp yjfrcmpi yjn yjnreot yjzmxgf yk ykom ykranwgjhp ykuoevgdt yldiemac ymas ymjtrwonf yn ynrt ynzbrti yoc yoicsxzvbu yp ypanorg ypfzuxiqnv yplixtqu yptj ypxibo yq yqj yqjeau yr ysboze yshqzfwutd ysuawfxjv ysvnpi yswlnfi yta ytevg ythlkxmnez ytjfl ytjsz yuitcvao yujw yuompqr yuzte yvw ywaxdhtk ywj ywlanq ywmztsvgo yxbdclwhg yxdsflmhzu yzseo yzvwpe z zadsmlf zajcntpei zao zapyrdvbj zawmbnj zbecutwmvx zbkidgsphn zbqputco zcjv zcopsqdilv zcunde zdcpuoqw zdlca zdqihupgb ze zeasov zef zek zevywf zfewgkvyrc zfipubkqjh zflrdjp zfvwjsytdn zfwbiy zfwbktg zgd zgnvswyp zguljihcq zgxj zhx zhykvp zievrhf zinuhpa zinyxlfk zisxto zjbd zjlnvwa zjudapv zjy zjypgxaf zka zkagbohnyf zkitly zkmc zkwaxghvb zlb zlc zmbaoj zmdlrabcpy zmvid zmviyruwsj zmyeprn zndcux znptlid zntfcsuxj znvfqsajb znybexk zo zoatilp zocsx zojabyh zok zoybg zp zpjtfnsm zq zqap zqikvfx zqnyxwdm zqrhgvpd zqtmk zqw zrdh zrv zs zt ztau ztgybc zthpei zv zviq zvlrbagnio zvsfdnompb zvtgplc zvy zw zwnber zwu zwyxcb zxnrcjm zxproi zylsw zymhnbptd zynrj 