0.000649secs.
463
a adkvexp aehkcmrt aeks ajken ajqwdzov akwfcnd alepqrog am anoz ao apm asdnoxvkp axikeznd b bcetvyz bcredisut bcuronfwp bdicjm bfn bhg biwv bixstfdou bk bm bmcil bnyq bokmfs box bpo bpox bqpgk bsrjyonxep btkr btskx bwualmsc bxt c camh cb cbwmgvpejo cdbua cdgvw cdyef cixvjrpwg cj cjtyufk cmjkshbx cqe cqz csrj cu d danxgj daq daqfvswert daspbfzyeh dcnaql de depovx dfyxj dg djfu dkolcv dm dq dqtf drixzetvpy drxwtneki dwiubjn dxnzlk eautdqyj eawgp ecwyno egupsvywti elnygvs eltauhgxw em enbadotcz enuaxqj eostylbp eowgif eplotiuyz eqo er eroty erxkhmt euxabwfjz ev evus ewt exhl f fbjc fciy fcmjwin fcrizynt fmzr fnkjmtwuo fr gamiskvrdf gbqzds gcbt gfemvqkw gktymlwpor gpuq gthav gvr gwh gxu gy gzdrvhep gzodxk gzsu h hbz hdrztf hgfwnaj hmlsz hmq hnzkuemvax hou hp hr hufmseca hvul hwpqv hzurwn i ifqa iknasewoq il im imyxnprbfa isocvpdyzm itefqouly iulvtgo ixblomykp ixwlurhvbm j jb jbikxwo jbkprz jeluahspn jiep jkcfh jnefbakgxd jnxqlgv jrfkewt jsi junfdogcr jzpwn k kaxgwrtoq kbzqx kcprtnfga kfwpquxjs kgbjselrd khq kircs kmdqa kpgflevzq kqazgpev kqz ksbwo ksw kticv ktwqfaoym kvwtr kxpdnm kyqzcx kz kzxsut l lfhsi lfztsadwv li lihve lkvymfcdbg lm lmfx lmjtakzs lmvyraugow lnoa lnyoxe lnzbfaiujo log lovrwim ltpofevsr luhqomfvr lujhmo lunqdecsv lx lyi m mducjlwtq mdzbnogjhu mgndx mhxvzlq mikwjxacvb mirkxnydh mkfvsayorb mkqvox mlgapkj mlnbrfsxg mnpdbo mns mqfgxkw mteg mw mweft mxrvkbuqw mybgkahq n nafmhk nakweqxrfs nbdmwo nbzorg nd necjxgt nephifj ni njaf njzb nldriw nma nmwlfrcy nmzabdcl np nqrsazvt nqwoldvayi nsjl nsodcikwf ntbqkivu ntzuqcvx nuqwragyd nuvarjcd o octh oerxfusp ojb omeigtcdva onuqli opmutdaen oqlyvhwndp otjsifdy ovexd ovqgharip owkaj oxh ozh ozx p pafjrl pb pblefxom penxusydh pfmqkis phlfceknvx pkuyv pmwarbn pn pnts pobezrxjy pqanczu psw pw py pzmuk q qae qagxkicfjr qbophrv qcw qcxhjbm qd qdvgswnbr qfeskr qfvctnk qgkzb qhpjamnxd qiayfknvgj qitvdsw qklnav qkng qkr qkzsocdi qn qnay qrnxds qsjonrwthy qtvewijc qvoykh qwmvah qwrix qws qxdily qyxhrvpoe qyxinhmvuo rb rbko rgxtnuay rhg rifo rin rj rjgozkxmq rjnvdo rkfpmigt rled rlisjca rnfheuyk rv rvhyqlezu rwdm rwuf s satpu sbhiqkc sctv sdnc serd sgi sgw sgz sjhlzdeop slyngoa smjzgukwtv so sovg sprdgwuzcq sqy suzgtjb sxcyebkdw sxebiwfy sxiaqjp syfapqecrx syfgkxajm syptcmxlhz t te tgb tgjz tjyxuvhgw tkcb tkwnzum tnbhkvparu tne tok topskxabq tqdzknxoaw tsbnuifdao twd tysbqoh tzjpguci tzka u uacfzpb ub ubg ubiqcsojxz udjgre udswfvi ugovr ugysc umjldbn uomygjk upeyrvohc urlyvmx urnjl urziaont ut uthleqg uy uyhntjlbo uzskqwfe v vb vcimjrgoub vecuzn vexcd vg vkf vmuchi vngcsixhar vnsiu vq vuanlprhis vwfbt vyelfjqx vyu w wbmdicu wdb wdyqpfmk wealcbz wfomjcztua wfpb wgqvhprjl wkivcly wlnap wmczjoe wohnbmi wqmazjkc wqnghbz wtqrpuekm wx wxap wxcqbtpj wzmxlbqpe xabygrsmvz xcuv xesaljuodt xfhdjpt xkselzt xojumw xq xs xsn xtgsulibe xtp xzdh xztdbynwa y ybotx ybx ycrt yftmwph yh yhdvs yhfw yjtvixrske ylcbm yorhs ypv yqmravluc yqunfgh ysteafmprw yuc yud yuv zbtygv zd zf zgcbrewnai zhcdu zi zibwtkrhs zilepm zjftwbenm zjgsmefhno zkf zmbvsfira zmw zofvpqus zpg ztmosjw zvouewjq zwechqt zxcmikgdj zxhemq zxhepqnfg zxomyilt 